
                        BEAST v2.6.7, 2002-2022
             Bayesian Evolutionary Analysis Sampling Trees
                       Designed and developed by
 Remco Bouckaert, Alexei J. Drummond, Andrew Rambaut & Marc A. Suchard
                                    
                   Centre for Computational Evolution
                         University of Auckland
                       r.bouckaert@auckland.ac.nz
                        alexei@cs.auckland.ac.nz
                                    
                   Institute of Evolutionary Biology
                        University of Edinburgh
                           a.rambaut@ed.ac.uk
                                    
                    David Geffen School of Medicine
                 University of California, Los Angeles
                           msuchard@ucla.edu
                                    
                      Downloads, Help & Resources:
                           http://beast2.org/
                                    
  Source code distributed under the GNU Lesser General Public License:
                   http://github.com/CompEvol/beast2
                                    
                           BEAST developers:
   Alex Alekseyenko, Trevor Bedford, Erik Bloomquist, Joseph Heled, 
 Sebastian Hoehna, Denise Kuehnert, Philippe Lemey, Wai Lok Sibon Li, 
Gerton Lunter, Sidney Markowitz, Vladimir Minin, Michael Defoin Platel, 
          Oliver Pybus, Tim Vaughan, Chieh-Hsi Wu, Walter Xie
                                    
                               Thanks to:
          Roald Forsberg, Beth Shapiro and Korbinian Strimmer

Random number seed: 1714479240401

File: tea254ctmc-strict-fbd-constrained.xml seed: 1714479240401 threads: 1
Loading package BEASTvntr v0.1.3
Loading package PoMo v1.0.1
Loading package speedemon v1.0.0
Loading package feast v8.3.0
Loading package phylodynamics v1.3.0
Loading package SNAPP v1.5.2
Loading package BADTRIP v1.0.0
Loading package timtam v0.3.1
Loading package ORC v1.0.3
Loading package bacter v2.2.5
Loading package SpeciesNetwork v0.13.0
Loading package TreeStat2 v0.0.2
Loading package Mascot v2.1.2
Loading package starbeast2 v0.15.13
Loading package Beasy v0.0.2
Loading package bModelTest v1.2.1
Loading package ClaDS v1.1.2
Loading package Recombination v0.0.2
Loading package CoalRe v0.0.7
Loading package BASTA v3.0.1
Loading package contraband v1.0.0
Loading package BEAST v2.6.7
Loading package besp v0.2.0
Loading package BDMM v1.0.2
Loading package PIQMEE v1.0.2
Loading package BEASTLabs v1.9.7
Loading package BEAST_CLASSIC v1.5.0
Loading package BICEPS v1.0.1
Loading package CA v2.0.0
Loading package PhyDyn v1.3.8
Loading package MGSM v0.3.0
Loading package MASTER v6.1.2
Loading package TMA v1.0.0
Loading package flc v1.1.0
Loading package Babel v0.3.2
Loading package OBAMA v0.2.0
Loading package NS v1.1.0
Loading package starbeast3 v1.0.5
Loading package MultiTypeTree v7.0.2
Loading package MSBD v1.2.0
Loading package snapper v1.0.3
Loading package STACEY v1.2.5
Loading package SCOTTI v2.0.1
Loading package DENIM v1.0.1
Loading package MODEL_SELECTION v1.5.3
Loading package substBMA v1.2.3
Loading package MM v1.1.1
Loading package contactrees v1.0.0
Loading package BREAK_AWAY v1.0.1
Loading package EpiInf v7.5.2
Loading package GEO_SPHERE v1.3.1
Loading package SA v2.0.2
Loading package FastRelaxedClockLogNormal v1.1.1
Loading package BDSKY v1.4.8
Loading package SSM v1.1.0
Loading package CoupledMCMC v1.0.2
Loading package CodonSubstModels v1.1.3
Loading package BEAST v2.6.7
Alignment(tea254)
  98 taxa
  3421 sites
  1725 patterns

Filter 1-8
98 taxa
8 sites
8 patterns
BarabaTatar = 20 (0.0)
CodexCumanicus = 14 (6.0)
NorthAltai = 20 (0.0)
OldTurkic = 9 (11.0)
SouthAltai = 20 (0.0)
Azeri = 20 (0.0)
Bashkir = 20 (0.0)
Chuvash = 20 (0.0)
CrimeanTatar = 20 (0.0)
Dolgan = 20 (0.0)
88 more...
ERROR: TipDatesRandomWalker is not a valid operator for a sampled ancestor analysis.
Either remove the operator (id=allTipDatesRandomWalker.t:tree) or fix the removal probability to 1.0 so this is not a sampled ancestor analysis any more. The current analysis is not valid.
Filter ::
98 taxa
8 sites
8 patterns
Failed to load BEAGLE library: no hmsbeagle-jni in java.library.path
TreeLikelihood(treeLikelihood.fire) uses BeerLikelihoodCore
  FilteredAlignment(bin.fire): [taxa, patterns, sites] = [98, 8, 7]
Filter 9-22
98 taxa
14 sites
14 patterns
Filter ::
98 taxa
14 sites
14 patterns
Failed to load BEAGLE library: no hmsbeagle-jni in java.library.path
TreeLikelihood(treeLikelihood.nose) uses BeerLikelihoodCore
  FilteredAlignment(bin.nose): [taxa, patterns, sites] = [98, 14, 13]
Filter 23-31
98 taxa
9 sites
9 patterns
Filter ::
98 taxa
9 sites
9 patterns
Failed to load BEAGLE library: no hmsbeagle-jni in java.library.path
TreeLikelihood(treeLikelihood.go) uses BeerLikelihoodCore
  FilteredAlignment(bin.go): [taxa, patterns, sites] = [98, 9, 8]
Filter 32-36
98 taxa
5 sites
5 patterns
Filter ::
98 taxa
5 sites
5 patterns
Failed to load BEAGLE library: no hmsbeagle-jni in java.library.path
TreeLikelihood(treeLikelihood.water) uses BeerLikelihoodCore
  FilteredAlignment(bin.water): [taxa, patterns, sites] = [98, 5, 4]
Filter 37-43
98 taxa
7 sites
7 patterns
Filter ::
98 taxa
7 sites
7 patterns
Failed to load BEAGLE library: no hmsbeagle-jni in java.library.path
TreeLikelihood(treeLikelihood.mouth) uses BeerLikelihoodCore
  FilteredAlignment(bin.mouth): [taxa, patterns, sites] = [98, 7, 6]
Filter 44-50
98 taxa
7 sites
7 patterns
Filter ::
98 taxa
7 sites
7 patterns
Failed to load BEAGLE library: no hmsbeagle-jni in java.library.path
TreeLikelihood(treeLikelihood.tongue) uses BeerLikelihoodCore
  FilteredAlignment(bin.tongue): [taxa, patterns, sites] = [98, 7, 6]
Filter 51-56
98 taxa
6 sites
6 patterns
Filter ::
98 taxa
6 sites
6 patterns
Failed to load BEAGLE library: no hmsbeagle-jni in java.library.path
TreeLikelihood(treeLikelihood.blood) uses BeerLikelihoodCore
  FilteredAlignment(bin.blood): [taxa, patterns, sites] = [98, 6, 5]
Filter 57-63
98 taxa
7 sites
7 patterns
Filter ::
98 taxa
7 sites
7 patterns
Failed to load BEAGLE library: no hmsbeagle-jni in java.library.path
TreeLikelihood(treeLikelihood.bone) uses BeerLikelihoodCore
  FilteredAlignment(bin.bone): [taxa, patterns, sites] = [98, 7, 6]
Filter 64-73
98 taxa
10 sites
10 patterns
Filter ::
98 taxa
10 sites
10 patterns
Failed to load BEAGLE library: no hmsbeagle-jni in java.library.path
TreeLikelihood(treeLikelihood.2SG) uses BeerLikelihoodCore
  FilteredAlignment(bin.2SG): [taxa, patterns, sites] = [98, 10, 9]
Filter 74-94
98 taxa
21 sites
21 patterns
Filter ::
98 taxa
21 sites
21 patterns
Failed to load BEAGLE library: no hmsbeagle-jni in java.library.path
TreeLikelihood(treeLikelihood.root) uses BeerLikelihoodCore
  FilteredAlignment(bin.root): [taxa, patterns, sites] = [98, 21, 20]
Filter 95-102
98 taxa
8 sites
8 patterns
Filter ::
98 taxa
8 sites
8 patterns
Failed to load BEAGLE library: no hmsbeagle-jni in java.library.path
TreeLikelihood(treeLikelihood.come) uses BeerLikelihoodCore
  FilteredAlignment(bin.come): [taxa, patterns, sites] = [98, 8, 7]
Filter 103-115
98 taxa
13 sites
13 patterns
Filter ::
98 taxa
13 sites
13 patterns
Failed to load BEAGLE library: no hmsbeagle-jni in java.library.path
TreeLikelihood(treeLikelihood.breast) uses BeerLikelihoodCore
  FilteredAlignment(bin.breast): [taxa, patterns, sites] = [98, 13, 12]
Filter 116-128
98 taxa
13 sites
13 patterns
Filter ::
98 taxa
13 sites
13 patterns
Failed to load BEAGLE library: no hmsbeagle-jni in java.library.path
TreeLikelihood(treeLikelihood.rain) uses BeerLikelihoodCore
  FilteredAlignment(bin.rain): [taxa, patterns, sites] = [98, 13, 12]
Filter 129-134
98 taxa
6 sites
6 patterns
Filter ::
98 taxa
6 sites
6 patterns
Failed to load BEAGLE library: no hmsbeagle-jni in java.library.path
TreeLikelihood(treeLikelihood.1SG) uses BeerLikelihoodCore
  FilteredAlignment(bin.1SG): [taxa, patterns, sites] = [98, 6, 5]
Filter 135-141
98 taxa
7 sites
7 patterns
Filter ::
98 taxa
7 sites
7 patterns
Failed to load BEAGLE library: no hmsbeagle-jni in java.library.path
TreeLikelihood(treeLikelihood.name) uses BeerLikelihoodCore
  FilteredAlignment(bin.name): [taxa, patterns, sites] = [98, 7, 6]
Filter 142-152
98 taxa
11 sites
11 patterns
Filter ::
98 taxa
11 sites
11 patterns
Failed to load BEAGLE library: no hmsbeagle-jni in java.library.path
TreeLikelihood(treeLikelihood.louse) uses BeerLikelihoodCore
  FilteredAlignment(bin.louse): [taxa, patterns, sites] = [98, 11, 10]
Filter 153-163
98 taxa
11 sites
11 patterns
Filter ::
98 taxa
11 sites
11 patterns
Failed to load BEAGLE library: no hmsbeagle-jni in java.library.path
TreeLikelihood(treeLikelihood.wing) uses BeerLikelihoodCore
  FilteredAlignment(bin.wing): [taxa, patterns, sites] = [98, 11, 10]
Filter 164-176
98 taxa
13 sites
12 patterns
Filter ::
98 taxa
13 sites
12 patterns
Failed to load BEAGLE library: no hmsbeagle-jni in java.library.path
TreeLikelihood(treeLikelihood.meat) uses BeerLikelihoodCore
  FilteredAlignment(bin.meat): [taxa, patterns, sites] = [98, 12, 12]
Filter 177-187
98 taxa
11 sites
11 patterns
Filter ::
98 taxa
11 sites
11 patterns
Failed to load BEAGLE library: no hmsbeagle-jni in java.library.path
TreeLikelihood(treeLikelihood.arm) uses BeerLikelihoodCore
  FilteredAlignment(bin.arm): [taxa, patterns, sites] = [98, 11, 10]
Filter 188-208
98 taxa
21 sites
21 patterns
Filter ::
98 taxa
21 sites
21 patterns
Failed to load BEAGLE library: no hmsbeagle-jni in java.library.path
TreeLikelihood(treeLikelihood.fly) uses BeerLikelihoodCore
  FilteredAlignment(bin.fly): [taxa, patterns, sites] = [98, 21, 20]
Filter 209-217
98 taxa
9 sites
9 patterns
Filter ::
98 taxa
9 sites
9 patterns
Failed to load BEAGLE library: no hmsbeagle-jni in java.library.path
TreeLikelihood(treeLikelihood.night) uses BeerLikelihoodCore
  FilteredAlignment(bin.night): [taxa, patterns, sites] = [98, 9, 8]
Filter 218-223
98 taxa
6 sites
6 patterns
Filter ::
98 taxa
6 sites
6 patterns
Failed to load BEAGLE library: no hmsbeagle-jni in java.library.path
TreeLikelihood(treeLikelihood.ear) uses BeerLikelihoodCore
  FilteredAlignment(bin.ear): [taxa, patterns, sites] = [98, 6, 5]
Filter 224-232
98 taxa
9 sites
9 patterns
Filter ::
98 taxa
9 sites
9 patterns
Failed to load BEAGLE library: no hmsbeagle-jni in java.library.path
TreeLikelihood(treeLikelihood.neck) uses BeerLikelihoodCore
  FilteredAlignment(bin.neck): [taxa, patterns, sites] = [98, 9, 8]
Filter 233-243
98 taxa
11 sites
11 patterns
Filter ::
98 taxa
11 sites
11 patterns
Failed to load BEAGLE library: no hmsbeagle-jni in java.library.path
TreeLikelihood(treeLikelihood.far) uses BeerLikelihoodCore
  FilteredAlignment(bin.far): [taxa, patterns, sites] = [98, 11, 10]
Filter 244-260
98 taxa
17 sites
17 patterns
Filter ::
98 taxa
17 sites
17 patterns
Failed to load BEAGLE library: no hmsbeagle-jni in java.library.path
TreeLikelihood(treeLikelihood.do) uses BeerLikelihoodCore
  FilteredAlignment(bin.do): [taxa, patterns, sites] = [98, 17, 16]
Filter 261-272
98 taxa
12 sites
12 patterns
Filter ::
98 taxa
12 sites
12 patterns
Failed to load BEAGLE library: no hmsbeagle-jni in java.library.path
TreeLikelihood(treeLikelihood.house) uses BeerLikelihoodCore
  FilteredAlignment(bin.house): [taxa, patterns, sites] = [98, 12, 11]
Filter 273-280
98 taxa
8 sites
8 patterns
Filter ::
98 taxa
8 sites
8 patterns
Failed to load BEAGLE library: no hmsbeagle-jni in java.library.path
TreeLikelihood(treeLikelihood.stone) uses BeerLikelihoodCore
  FilteredAlignment(bin.stone): [taxa, patterns, sites] = [98, 8, 7]
Filter 281-286
98 taxa
6 sites
6 patterns
Filter ::
98 taxa
6 sites
6 patterns
Failed to load BEAGLE library: no hmsbeagle-jni in java.library.path
TreeLikelihood(treeLikelihood.bitter) uses BeerLikelihoodCore
  FilteredAlignment(bin.bitter): [taxa, patterns, sites] = [98, 6, 5]
Filter 287-303
98 taxa
17 sites
17 patterns
Filter ::
98 taxa
17 sites
17 patterns
Failed to load BEAGLE library: no hmsbeagle-jni in java.library.path
TreeLikelihood(treeLikelihood.say) uses BeerLikelihoodCore
  FilteredAlignment(bin.say): [taxa, patterns, sites] = [98, 17, 16]
Filter 304-308
98 taxa
5 sites
5 patterns
Filter ::
98 taxa
5 sites
5 patterns
Failed to load BEAGLE library: no hmsbeagle-jni in java.library.path
TreeLikelihood(treeLikelihood.tooth) uses BeerLikelihoodCore
  FilteredAlignment(bin.tooth): [taxa, patterns, sites] = [98, 5, 4]
Filter 309-319
98 taxa
11 sites
11 patterns
Filter ::
98 taxa
11 sites
11 patterns
Failed to load BEAGLE library: no hmsbeagle-jni in java.library.path
TreeLikelihood(treeLikelihood.hair) uses BeerLikelihoodCore
  FilteredAlignment(bin.hair): [taxa, patterns, sites] = [98, 11, 10]
Filter 320-342
98 taxa
23 sites
23 patterns
Filter ::
98 taxa
23 sites
23 patterns
Failed to load BEAGLE library: no hmsbeagle-jni in java.library.path
TreeLikelihood(treeLikelihood.big) uses BeerLikelihoodCore
  FilteredAlignment(bin.big): [taxa, patterns, sites] = [98, 23, 22]
Filter 343-349
98 taxa
7 sites
7 patterns
Filter ::
98 taxa
7 sites
7 patterns
Failed to load BEAGLE library: no hmsbeagle-jni in java.library.path
TreeLikelihood(treeLikelihood.one) uses BeerLikelihoodCore
  FilteredAlignment(bin.one): [taxa, patterns, sites] = [98, 7, 6]
Filter 350-357
98 taxa
8 sites
8 patterns
Filter ::
98 taxa
8 sites
8 patterns
Failed to load BEAGLE library: no hmsbeagle-jni in java.library.path
TreeLikelihood(treeLikelihood.who?) uses BeerLikelihoodCore
  FilteredAlignment(bin.who?): [taxa, patterns, sites] = [98, 8, 7]
Filter 358-370
98 taxa
13 sites
13 patterns
Filter ::
98 taxa
13 sites
13 patterns
Failed to load BEAGLE library: no hmsbeagle-jni in java.library.path
TreeLikelihood(treeLikelihood.3SG) uses BeerLikelihoodCore
  FilteredAlignment(bin.3SG): [taxa, patterns, sites] = [98, 13, 12]
Filter 371-399
98 taxa
29 sites
27 patterns
Filter ::
98 taxa
29 sites
27 patterns
WARNING: found a site in the alignment (bin.hit) that are equal to the ascertainment site. These sites will be ignored in the likelihood calculation.
Failed to load BEAGLE library: no hmsbeagle-jni in java.library.path
TreeLikelihood(treeLikelihood.hit) uses BeerLikelihoodCore
  FilteredAlignment(bin.hit): [taxa, patterns, sites] = [98, 27, 27]
Filter 400-413
98 taxa
14 sites
14 patterns
Filter ::
98 taxa
14 sites
14 patterns
Failed to load BEAGLE library: no hmsbeagle-jni in java.library.path
TreeLikelihood(treeLikelihood.leg) uses BeerLikelihoodCore
  FilteredAlignment(bin.leg): [taxa, patterns, sites] = [98, 14, 13]
Filter 414-424
98 taxa
11 sites
11 patterns
Filter ::
98 taxa
11 sites
11 patterns
Failed to load BEAGLE library: no hmsbeagle-jni in java.library.path
TreeLikelihood(treeLikelihood.horn) uses BeerLikelihoodCore
  FilteredAlignment(bin.horn): [taxa, patterns, sites] = [98, 11, 10]
Filter 425-429
98 taxa
5 sites
5 patterns
Filter ::
98 taxa
5 sites
5 patterns
Failed to load BEAGLE library: no hmsbeagle-jni in java.library.path
TreeLikelihood(treeLikelihood.this) uses BeerLikelihoodCore
  FilteredAlignment(bin.this): [taxa, patterns, sites] = [98, 5, 4]
Filter 430-444
98 taxa
15 sites
15 patterns
Filter ::
98 taxa
15 sites
15 patterns
Failed to load BEAGLE library: no hmsbeagle-jni in java.library.path
TreeLikelihood(treeLikelihood.fish) uses BeerLikelihoodCore
  FilteredAlignment(bin.fish): [taxa, patterns, sites] = [98, 15, 14]
Filter 445-455
98 taxa
11 sites
11 patterns
Filter ::
98 taxa
11 sites
11 patterns
Failed to load BEAGLE library: no hmsbeagle-jni in java.library.path
TreeLikelihood(treeLikelihood.yesterday) uses BeerLikelihoodCore
  FilteredAlignment(bin.yesterday): [taxa, patterns, sites] = [98, 11, 10]
Filter 456-464
98 taxa
9 sites
9 patterns
Filter ::
98 taxa
9 sites
9 patterns
Failed to load BEAGLE library: no hmsbeagle-jni in java.library.path
TreeLikelihood(treeLikelihood.drink) uses BeerLikelihoodCore
  FilteredAlignment(bin.drink): [taxa, patterns, sites] = [98, 9, 8]
Filter 465-474
98 taxa
10 sites
9 patterns
Filter ::
98 taxa
10 sites
9 patterns
Failed to load BEAGLE library: no hmsbeagle-jni in java.library.path
TreeLikelihood(treeLikelihood.black) uses BeerLikelihoodCore
  FilteredAlignment(bin.black): [taxa, patterns, sites] = [98, 9, 9]
Filter 475-486
98 taxa
12 sites
12 patterns
Filter ::
98 taxa
12 sites
12 patterns
Failed to load BEAGLE library: no hmsbeagle-jni in java.library.path
TreeLikelihood(treeLikelihood.navel) uses BeerLikelihoodCore
  FilteredAlignment(bin.navel): [taxa, patterns, sites] = [98, 12, 11]
Filter 487-493
98 taxa
7 sites
7 patterns
Filter ::
98 taxa
7 sites
7 patterns
Failed to load BEAGLE library: no hmsbeagle-jni in java.library.path
TreeLikelihood(treeLikelihood.stand) uses BeerLikelihoodCore
  FilteredAlignment(bin.stand): [taxa, patterns, sites] = [98, 7, 6]
Filter 494-511
98 taxa
18 sites
18 patterns
Filter ::
98 taxa
18 sites
18 patterns
Failed to load BEAGLE library: no hmsbeagle-jni in java.library.path
TreeLikelihood(treeLikelihood.bite) uses BeerLikelihoodCore
  FilteredAlignment(bin.bite): [taxa, patterns, sites] = [98, 18, 17]
Filter 512-532
98 taxa
21 sites
21 patterns
Filter ::
98 taxa
21 sites
21 patterns
Failed to load BEAGLE library: no hmsbeagle-jni in java.library.path
TreeLikelihood(treeLikelihood.back) uses BeerLikelihoodCore
  FilteredAlignment(bin.back): [taxa, patterns, sites] = [98, 21, 20]
Filter 533-543
98 taxa
11 sites
11 patterns
Filter ::
98 taxa
11 sites
11 patterns
Failed to load BEAGLE library: no hmsbeagle-jni in java.library.path
TreeLikelihood(treeLikelihood.wind) uses BeerLikelihoodCore
  FilteredAlignment(bin.wind): [taxa, patterns, sites] = [98, 11, 10]
Filter 544-553
98 taxa
10 sites
10 patterns
Filter ::
98 taxa
10 sites
10 patterns
Failed to load BEAGLE library: no hmsbeagle-jni in java.library.path
TreeLikelihood(treeLikelihood.smoke) uses BeerLikelihoodCore
  FilteredAlignment(bin.smoke): [taxa, patterns, sites] = [98, 10, 9]
Filter 554-558
98 taxa
5 sites
5 patterns
Filter ::
98 taxa
5 sites
5 patterns
Failed to load BEAGLE library: no hmsbeagle-jni in java.library.path
TreeLikelihood(treeLikelihood.what?) uses BeerLikelihoodCore
  FilteredAlignment(bin.what?): [taxa, patterns, sites] = [98, 5, 4]
Filter 559-580
98 taxa
22 sites
22 patterns
Filter ::
98 taxa
22 sites
22 patterns
Failed to load BEAGLE library: no hmsbeagle-jni in java.library.path
TreeLikelihood(treeLikelihood.child) uses BeerLikelihoodCore
  FilteredAlignment(bin.child): [taxa, patterns, sites] = [98, 22, 21]
Filter 581-598
98 taxa
18 sites
17 patterns
Filter ::
98 taxa
18 sites
17 patterns
Failed to load BEAGLE library: no hmsbeagle-jni in java.library.path
TreeLikelihood(treeLikelihood.egg) uses BeerLikelihoodCore
  FilteredAlignment(bin.egg): [taxa, patterns, sites] = [98, 17, 17]
Filter 599-606
98 taxa
8 sites
8 patterns
Filter ::
98 taxa
8 sites
8 patterns
Failed to load BEAGLE library: no hmsbeagle-jni in java.library.path
TreeLikelihood(treeLikelihood.give) uses BeerLikelihoodCore
  FilteredAlignment(bin.give): [taxa, patterns, sites] = [98, 8, 7]
Filter 607-619
98 taxa
13 sites
13 patterns
Filter ::
98 taxa
13 sites
13 patterns
Failed to load BEAGLE library: no hmsbeagle-jni in java.library.path
TreeLikelihood(treeLikelihood.new) uses BeerLikelihoodCore
  FilteredAlignment(bin.new): [taxa, patterns, sites] = [98, 13, 12]
Filter 620-635
98 taxa
16 sites
16 patterns
Filter ::
98 taxa
16 sites
16 patterns
Failed to load BEAGLE library: no hmsbeagle-jni in java.library.path
TreeLikelihood(treeLikelihood.burn) uses BeerLikelihoodCore
  FilteredAlignment(bin.burn): [taxa, patterns, sites] = [98, 16, 15]
Filter 636-641
98 taxa
6 sites
6 patterns
Filter ::
98 taxa
6 sites
6 patterns
Failed to load BEAGLE library: no hmsbeagle-jni in java.library.path
TreeLikelihood(treeLikelihood.not) uses BeerLikelihoodCore
  FilteredAlignment(bin.not): [taxa, patterns, sites] = [98, 6, 5]
Filter 642-655
98 taxa
14 sites
14 patterns
Filter ::
98 taxa
14 sites
14 patterns
Failed to load BEAGLE library: no hmsbeagle-jni in java.library.path
TreeLikelihood(treeLikelihood.good) uses BeerLikelihoodCore
  FilteredAlignment(bin.good): [taxa, patterns, sites] = [98, 14, 13]
Filter 656-664
98 taxa
9 sites
9 patterns
Filter ::
98 taxa
9 sites
9 patterns
Failed to load BEAGLE library: no hmsbeagle-jni in java.library.path
TreeLikelihood(treeLikelihood.know) uses BeerLikelihoodCore
  FilteredAlignment(bin.know): [taxa, patterns, sites] = [98, 9, 8]
Filter 665-680
98 taxa
16 sites
16 patterns
Filter ::
98 taxa
16 sites
16 patterns
Failed to load BEAGLE library: no hmsbeagle-jni in java.library.path
TreeLikelihood(treeLikelihood.knee) uses BeerLikelihoodCore
  FilteredAlignment(bin.knee): [taxa, patterns, sites] = [98, 16, 15]
Filter 681-701
98 taxa
21 sites
21 patterns
Filter ::
98 taxa
21 sites
21 patterns
Failed to load BEAGLE library: no hmsbeagle-jni in java.library.path
TreeLikelihood(treeLikelihood.sand) uses BeerLikelihoodCore
  FilteredAlignment(bin.sand): [taxa, patterns, sites] = [98, 21, 20]
Filter 702-708
98 taxa
7 sites
7 patterns
Filter ::
98 taxa
7 sites
7 patterns
Failed to load BEAGLE library: no hmsbeagle-jni in java.library.path
TreeLikelihood(treeLikelihood.laugh) uses BeerLikelihoodCore
  FilteredAlignment(bin.laugh): [taxa, patterns, sites] = [98, 7, 6]
Filter 709-720
98 taxa
12 sites
12 patterns
Filter ::
98 taxa
12 sites
12 patterns
Failed to load BEAGLE library: no hmsbeagle-jni in java.library.path
TreeLikelihood(treeLikelihood.hear) uses BeerLikelihoodCore
  FilteredAlignment(bin.hear): [taxa, patterns, sites] = [98, 12, 11]
Filter 721-738
98 taxa
18 sites
18 patterns
Filter ::
98 taxa
18 sites
18 patterns
Failed to load BEAGLE library: no hmsbeagle-jni in java.library.path
TreeLikelihood(treeLikelihood.soil) uses BeerLikelihoodCore
  FilteredAlignment(bin.soil): [taxa, patterns, sites] = [98, 18, 17]
Filter 739-751
98 taxa
13 sites
13 patterns
Filter ::
98 taxa
13 sites
13 patterns
Failed to load BEAGLE library: no hmsbeagle-jni in java.library.path
TreeLikelihood(treeLikelihood.leaf) uses BeerLikelihoodCore
  FilteredAlignment(bin.leaf): [taxa, patterns, sites] = [98, 13, 12]
Filter 752-758
98 taxa
7 sites
7 patterns
Filter ::
98 taxa
7 sites
7 patterns
Failed to load BEAGLE library: no hmsbeagle-jni in java.library.path
TreeLikelihood(treeLikelihood.red) uses BeerLikelihoodCore
  FilteredAlignment(bin.red): [taxa, patterns, sites] = [98, 7, 6]
Filter 759-764
98 taxa
6 sites
6 patterns
Filter ::
98 taxa
6 sites
6 patterns
Failed to load BEAGLE library: no hmsbeagle-jni in java.library.path
TreeLikelihood(treeLikelihood.liver) uses BeerLikelihoodCore
  FilteredAlignment(bin.liver): [taxa, patterns, sites] = [98, 6, 5]
Filter 765-784
98 taxa
20 sites
20 patterns
Filter ::
98 taxa
20 sites
20 patterns
Failed to load BEAGLE library: no hmsbeagle-jni in java.library.path
TreeLikelihood(treeLikelihood.hide) uses BeerLikelihoodCore
  FilteredAlignment(bin.hide): [taxa, patterns, sites] = [98, 20, 19]
Filter 785-799
98 taxa
15 sites
15 patterns
Filter ::
98 taxa
15 sites
15 patterns
Failed to load BEAGLE library: no hmsbeagle-jni in java.library.path
TreeLikelihood(treeLikelihood.skin) uses BeerLikelihoodCore
  FilteredAlignment(bin.skin): [taxa, patterns, sites] = [98, 15, 14]
Filter 800-811
98 taxa
12 sites
12 patterns
Filter ::
98 taxa
12 sites
12 patterns
Failed to load BEAGLE library: no hmsbeagle-jni in java.library.path
TreeLikelihood(treeLikelihood.suck) uses BeerLikelihoodCore
  FilteredAlignment(bin.suck): [taxa, patterns, sites] = [98, 12, 11]
Filter 812-832
98 taxa
21 sites
21 patterns
Filter ::
98 taxa
21 sites
21 patterns
Failed to load BEAGLE library: no hmsbeagle-jni in java.library.path
TreeLikelihood(treeLikelihood.carry) uses BeerLikelihoodCore
  FilteredAlignment(bin.carry): [taxa, patterns, sites] = [98, 21, 20]
Filter 833-849
98 taxa
17 sites
17 patterns
Filter ::
98 taxa
17 sites
17 patterns
Failed to load BEAGLE library: no hmsbeagle-jni in java.library.path
TreeLikelihood(treeLikelihood.ant) uses BeerLikelihoodCore
  FilteredAlignment(bin.ant): [taxa, patterns, sites] = [98, 17, 16]
Filter 850-858
98 taxa
9 sites
9 patterns
Filter ::
98 taxa
9 sites
9 patterns
Failed to load BEAGLE library: no hmsbeagle-jni in java.library.path
TreeLikelihood(treeLikelihood.heavy) uses BeerLikelihoodCore
  FilteredAlignment(bin.heavy): [taxa, patterns, sites] = [98, 9, 8]
Filter 859-868
98 taxa
10 sites
10 patterns
Filter ::
98 taxa
10 sites
10 patterns
Failed to load BEAGLE library: no hmsbeagle-jni in java.library.path
TreeLikelihood(treeLikelihood.take) uses BeerLikelihoodCore
  FilteredAlignment(bin.take): [taxa, patterns, sites] = [98, 10, 9]
Filter 869-887
98 taxa
19 sites
19 patterns
Filter ::
98 taxa
19 sites
19 patterns
Failed to load BEAGLE library: no hmsbeagle-jni in java.library.path
TreeLikelihood(treeLikelihood.old) uses BeerLikelihoodCore
  FilteredAlignment(bin.old): [taxa, patterns, sites] = [98, 19, 18]
Filter 888-898
98 taxa
11 sites
11 patterns
Filter ::
98 taxa
11 sites
11 patterns
Failed to load BEAGLE library: no hmsbeagle-jni in java.library.path
TreeLikelihood(treeLikelihood.eat) uses BeerLikelihoodCore
  FilteredAlignment(bin.eat): [taxa, patterns, sites] = [98, 11, 10]
Filter 899-923
98 taxa
25 sites
25 patterns
Filter ::
98 taxa
25 sites
25 patterns
Failed to load BEAGLE library: no hmsbeagle-jni in java.library.path
TreeLikelihood(treeLikelihood.thigh) uses BeerLikelihoodCore
  FilteredAlignment(bin.thigh): [taxa, patterns, sites] = [98, 25, 24]
Filter 924-942
98 taxa
19 sites
19 patterns
Filter ::
98 taxa
19 sites
19 patterns
Failed to load BEAGLE library: no hmsbeagle-jni in java.library.path
TreeLikelihood(treeLikelihood.thick) uses BeerLikelihoodCore
  FilteredAlignment(bin.thick): [taxa, patterns, sites] = [98, 19, 18]
Filter 943-947
98 taxa
5 sites
5 patterns
Filter ::
98 taxa
5 sites
5 patterns
Failed to load BEAGLE library: no hmsbeagle-jni in java.library.path
TreeLikelihood(treeLikelihood.long) uses BeerLikelihoodCore
  FilteredAlignment(bin.long): [taxa, patterns, sites] = [98, 5, 4]
Filter 948-961
98 taxa
14 sites
14 patterns
Filter ::
98 taxa
14 sites
14 patterns
Failed to load BEAGLE library: no hmsbeagle-jni in java.library.path
TreeLikelihood(treeLikelihood.blow) uses BeerLikelihoodCore
  FilteredAlignment(bin.blow): [taxa, patterns, sites] = [98, 14, 13]
Filter 962-968
98 taxa
7 sites
7 patterns
Filter ::
98 taxa
7 sites
7 patterns
Failed to load BEAGLE library: no hmsbeagle-jni in java.library.path
TreeLikelihood(treeLikelihood.wood) uses BeerLikelihoodCore
  FilteredAlignment(bin.wood): [taxa, patterns, sites] = [98, 7, 6]
Filter 969-988
98 taxa
20 sites
20 patterns
Filter ::
98 taxa
20 sites
20 patterns
Failed to load BEAGLE library: no hmsbeagle-jni in java.library.path
TreeLikelihood(treeLikelihood.run) uses BeerLikelihoodCore
  FilteredAlignment(bin.run): [taxa, patterns, sites] = [98, 20, 19]
Filter 989-1003
98 taxa
15 sites
15 patterns
Filter ::
98 taxa
15 sites
15 patterns
Failed to load BEAGLE library: no hmsbeagle-jni in java.library.path
TreeLikelihood(treeLikelihood.fall) uses BeerLikelihoodCore
  FilteredAlignment(bin.fall): [taxa, patterns, sites] = [98, 15, 14]
Filter 1004-1009
98 taxa
6 sites
6 patterns
Filter ::
98 taxa
6 sites
6 patterns
Failed to load BEAGLE library: no hmsbeagle-jni in java.library.path
TreeLikelihood(treeLikelihood.eye) uses BeerLikelihoodCore
  FilteredAlignment(bin.eye): [taxa, patterns, sites] = [98, 6, 5]
Filter 1010-1016
98 taxa
7 sites
7 patterns
Filter ::
98 taxa
7 sites
7 patterns
Failed to load BEAGLE library: no hmsbeagle-jni in java.library.path
TreeLikelihood(treeLikelihood.ash) uses BeerLikelihoodCore
  FilteredAlignment(bin.ash): [taxa, patterns, sites] = [98, 7, 6]
Filter 1017-1024
98 taxa
8 sites
8 patterns
Filter ::
98 taxa
8 sites
8 patterns
Failed to load BEAGLE library: no hmsbeagle-jni in java.library.path
TreeLikelihood(treeLikelihood.tail) uses BeerLikelihoodCore
  FilteredAlignment(bin.tail): [taxa, patterns, sites] = [98, 8, 7]
Filter 1025-1032
98 taxa
8 sites
8 patterns
Filter ::
98 taxa
8 sites
8 patterns
Failed to load BEAGLE library: no hmsbeagle-jni in java.library.path
TreeLikelihood(treeLikelihood.dog) uses BeerLikelihoodCore
  FilteredAlignment(bin.dog): [taxa, patterns, sites] = [98, 8, 7]
Filter 1033-1043
98 taxa
11 sites
11 patterns
Filter ::
98 taxa
11 sites
11 patterns
Failed to load BEAGLE library: no hmsbeagle-jni in java.library.path
TreeLikelihood(treeLikelihood.cry) uses BeerLikelihoodCore
  FilteredAlignment(bin.cry): [taxa, patterns, sites] = [98, 11, 10]
Filter 1044-1063
98 taxa
20 sites
20 patterns
Filter ::
98 taxa
20 sites
20 patterns
Failed to load BEAGLE library: no hmsbeagle-jni in java.library.path
TreeLikelihood(treeLikelihood.tie) uses BeerLikelihoodCore
  FilteredAlignment(bin.tie): [taxa, patterns, sites] = [98, 20, 19]
Filter 1064-1074
98 taxa
11 sites
11 patterns
Filter ::
98 taxa
11 sites
11 patterns
Failed to load BEAGLE library: no hmsbeagle-jni in java.library.path
TreeLikelihood(treeLikelihood.see) uses BeerLikelihoodCore
  FilteredAlignment(bin.see): [taxa, patterns, sites] = [98, 11, 10]
Filter 1075-1092
98 taxa
18 sites
17 patterns
Filter ::
98 taxa
18 sites
17 patterns
Failed to load BEAGLE library: no hmsbeagle-jni in java.library.path
TreeLikelihood(treeLikelihood.sweet) uses BeerLikelihoodCore
  FilteredAlignment(bin.sweet): [taxa, patterns, sites] = [98, 17, 17]
Filter 1093-1121
98 taxa
29 sites
27 patterns
Filter ::
98 taxa
29 sites
27 patterns
Failed to load BEAGLE library: no hmsbeagle-jni in java.library.path
TreeLikelihood(treeLikelihood.rope) uses BeerLikelihoodCore
  FilteredAlignment(bin.rope): [taxa, patterns, sites] = [98, 27, 28]
Filter 1122-1134
98 taxa
13 sites
13 patterns
Filter ::
98 taxa
13 sites
13 patterns
Failed to load BEAGLE library: no hmsbeagle-jni in java.library.path
TreeLikelihood(treeLikelihood.shade) uses BeerLikelihoodCore
  FilteredAlignment(bin.shade): [taxa, patterns, sites] = [98, 13, 12]
Filter 1135-1152
98 taxa
18 sites
18 patterns
Filter ::
98 taxa
18 sites
18 patterns
Failed to load BEAGLE library: no hmsbeagle-jni in java.library.path
TreeLikelihood(treeLikelihood.bird) uses BeerLikelihoodCore
  FilteredAlignment(bin.bird): [taxa, patterns, sites] = [98, 18, 17]
Filter 1153-1162
98 taxa
10 sites
10 patterns
Filter ::
98 taxa
10 sites
10 patterns
Failed to load BEAGLE library: no hmsbeagle-jni in java.library.path
TreeLikelihood(treeLikelihood.salt) uses BeerLikelihoodCore
  FilteredAlignment(bin.salt): [taxa, patterns, sites] = [98, 10, 9]
Filter 1163-1184
98 taxa
22 sites
22 patterns
Filter ::
98 taxa
22 sites
22 patterns
Failed to load BEAGLE library: no hmsbeagle-jni in java.library.path
TreeLikelihood(treeLikelihood.small) uses BeerLikelihoodCore
  FilteredAlignment(bin.small): [taxa, patterns, sites] = [98, 22, 21]
Filter 1185-1207
98 taxa
23 sites
22 patterns
Filter ::
98 taxa
23 sites
22 patterns
Failed to load BEAGLE library: no hmsbeagle-jni in java.library.path
TreeLikelihood(treeLikelihood.wide) uses BeerLikelihoodCore
  FilteredAlignment(bin.wide): [taxa, patterns, sites] = [98, 22, 22]
Filter 1208-1214
98 taxa
7 sites
7 patterns
Filter ::
98 taxa
7 sites
7 patterns
Failed to load BEAGLE library: no hmsbeagle-jni in java.library.path
TreeLikelihood(treeLikelihood.star) uses BeerLikelihoodCore
  FilteredAlignment(bin.star): [taxa, patterns, sites] = [98, 7, 6]
Filter 1215-1221
98 taxa
7 sites
7 patterns
Filter ::
98 taxa
7 sites
7 patterns
Failed to load BEAGLE library: no hmsbeagle-jni in java.library.path
TreeLikelihood(treeLikelihood.in) uses BeerLikelihoodCore
  FilteredAlignment(bin.in): [taxa, patterns, sites] = [98, 7, 6]
Filter 1222-1236
98 taxa
15 sites
15 patterns
Filter ::
98 taxa
15 sites
15 patterns
Failed to load BEAGLE library: no hmsbeagle-jni in java.library.path
TreeLikelihood(treeLikelihood.hard) uses BeerLikelihoodCore
  FilteredAlignment(bin.hard): [taxa, patterns, sites] = [98, 15, 14]
Filter 1237-1265
98 taxa
29 sites
29 patterns
Filter ::
98 taxa
29 sites
29 patterns
Failed to load BEAGLE library: no hmsbeagle-jni in java.library.path
TreeLikelihood(treeLikelihood.crush) uses BeerLikelihoodCore
  FilteredAlignment(bin.crush): [taxa, patterns, sites] = [98, 29, 28]
Filter 1266-1275
98 taxa
10 sites
10 patterns
Filter ::
98 taxa
10 sites
10 patterns
Failed to load BEAGLE library: no hmsbeagle-jni in java.library.path
TreeLikelihood(treeLikelihood.mountain) uses BeerLikelihoodCore
  FilteredAlignment(bin.mountain): [taxa, patterns, sites] = [98, 10, 9]
Filter 1276-1282
98 taxa
7 sites
7 patterns
Filter ::
98 taxa
7 sites
7 patterns
Failed to load BEAGLE library: no hmsbeagle-jni in java.library.path
TreeLikelihood(treeLikelihood.sit) uses BeerLikelihoodCore
  FilteredAlignment(bin.sit): [taxa, patterns, sites] = [98, 7, 6]
Filter 1283-1289
98 taxa
7 sites
7 patterns
Filter ::
98 taxa
7 sites
7 patterns
Failed to load BEAGLE library: no hmsbeagle-jni in java.library.path
TreeLikelihood(treeLikelihood.fingernail) uses BeerLikelihoodCore
  FilteredAlignment(bin.fingernail): [taxa, patterns, sites] = [98, 7, 6]
Filter 1290-1314
98 taxa
25 sites
25 patterns
Filter ::
98 taxa
25 sites
25 patterns
Failed to load BEAGLE library: no hmsbeagle-jni in java.library.path
TreeLikelihood(treeLikelihood.throw) uses BeerLikelihoodCore
  FilteredAlignment(bin.throw): [taxa, patterns, sites] = [98, 25, 24]
Filter 1315-1320
98 taxa
6 sites
6 patterns
Filter ::
98 taxa
6 sites
6 patterns
Failed to load BEAGLE library: no hmsbeagle-jni in java.library.path
TreeLikelihood(treeLikelihood.three) uses BeerLikelihoodCore
  FilteredAlignment(bin.three): [taxa, patterns, sites] = [98, 6, 5]
Filter 1321-1332
98 taxa
12 sites
12 patterns
Filter ::
98 taxa
12 sites
12 patterns
Failed to load BEAGLE library: no hmsbeagle-jni in java.library.path
TreeLikelihood(treeLikelihood.right) uses BeerLikelihoodCore
  FilteredAlignment(bin.right): [taxa, patterns, sites] = [98, 12, 11]
Filter 1333-1341
98 taxa
9 sites
9 patterns
Filter ::
98 taxa
9 sites
9 patterns
Failed to load BEAGLE library: no hmsbeagle-jni in java.library.path
TreeLikelihood(treeLikelihood.wash) uses BeerLikelihoodCore
  FilteredAlignment(bin.wash): [taxa, patterns, sites] = [98, 9, 8]
Filter 1342-1352
98 taxa
11 sites
11 patterns
Filter ::
98 taxa
11 sites
11 patterns
Failed to load BEAGLE library: no hmsbeagle-jni in java.library.path
TreeLikelihood(treeLikelihood.grasp) uses BeerLikelihoodCore
  FilteredAlignment(bin.grasp): [taxa, patterns, sites] = [98, 11, 10]
Filter 1353-1368
98 taxa
16 sites
16 patterns
Filter ::
98 taxa
16 sites
16 patterns
Failed to load BEAGLE library: no hmsbeagle-jni in java.library.path
TreeLikelihood(treeLikelihood.branch) uses BeerLikelihoodCore
  FilteredAlignment(bin.branch): [taxa, patterns, sites] = [98, 16, 15]
Filter 1369-1384
98 taxa
16 sites
16 patterns
Filter ::
98 taxa
16 sites
16 patterns
Failed to load BEAGLE library: no hmsbeagle-jni in java.library.path
TreeLikelihood(treeLikelihood.man) uses BeerLikelihoodCore
  FilteredAlignment(bin.man): [taxa, patterns, sites] = [98, 16, 15]
Filter 1385-1394
98 taxa
10 sites
10 patterns
Filter ::
98 taxa
10 sites
10 patterns
Failed to load BEAGLE library: no hmsbeagle-jni in java.library.path
TreeLikelihood(treeLikelihood.raw) uses BeerLikelihoodCore
  FilteredAlignment(bin.raw): [taxa, patterns, sites] = [98, 10, 9]
Filter 1395-1409
98 taxa
15 sites
15 patterns
Filter ::
98 taxa
15 sites
15 patterns
Failed to load BEAGLE library: no hmsbeagle-jni in java.library.path
TreeLikelihood(treeLikelihood.tomorrow) uses BeerLikelihoodCore
  FilteredAlignment(bin.tomorrow): [taxa, patterns, sites] = [98, 15, 14]
Filter 1410-1415
98 taxa
6 sites
6 patterns
Filter ::
98 taxa
6 sites
6 patterns
Failed to load BEAGLE library: no hmsbeagle-jni in java.library.path
TreeLikelihood(treeLikelihood.two) uses BeerLikelihoodCore
  FilteredAlignment(bin.two): [taxa, patterns, sites] = [98, 6, 5]
Filter 1416-1425
98 taxa
10 sites
10 patterns
Filter ::
98 taxa
10 sites
10 patterns
Failed to load BEAGLE library: no hmsbeagle-jni in java.library.path
TreeLikelihood(treeLikelihood.bottom) uses BeerLikelihoodCore
  FilteredAlignment(bin.bottom): [taxa, patterns, sites] = [98, 10, 9]
Filter 1426-1440
98 taxa
15 sites
15 patterns
Filter ::
98 taxa
15 sites
15 patterns
Failed to load BEAGLE library: no hmsbeagle-jni in java.library.path
TreeLikelihood(treeLikelihood.lie) uses BeerLikelihoodCore
  FilteredAlignment(bin.lie): [taxa, patterns, sites] = [98, 15, 14]
Filter 1441-1455
98 taxa
15 sites
15 patterns
Filter ::
98 taxa
15 sites
15 patterns
Failed to load BEAGLE library: no hmsbeagle-jni in java.library.path
TreeLikelihood(treeLikelihood.snake) uses BeerLikelihoodCore
  FilteredAlignment(bin.snake): [taxa, patterns, sites] = [98, 15, 14]
Filter 1456-1461
98 taxa
6 sites
6 patterns
Filter ::
98 taxa
6 sites
6 patterns
Failed to load BEAGLE library: no hmsbeagle-jni in java.library.path
TreeLikelihood(treeLikelihood.cloud) uses BeerLikelihoodCore
  FilteredAlignment(bin.cloud): [taxa, patterns, sites] = [98, 6, 5]
Filter 1462-1469
98 taxa
8 sites
8 patterns
Filter ::
98 taxa
8 sites
8 patterns
Failed to load BEAGLE library: no hmsbeagle-jni in java.library.path
TreeLikelihood(treeLikelihood.year) uses BeerLikelihoodCore
  FilteredAlignment(bin.year): [taxa, patterns, sites] = [98, 8, 7]
Filter 1470-1493
98 taxa
24 sites
23 patterns
Filter ::
98 taxa
24 sites
23 patterns
Failed to load BEAGLE library: no hmsbeagle-jni in java.library.path
TreeLikelihood(treeLikelihood.tear) uses BeerLikelihoodCore
  FilteredAlignment(bin.tear): [taxa, patterns, sites] = [98, 23, 23]
Filter 1494-1514
98 taxa
21 sites
20 patterns
Filter ::
98 taxa
21 sites
20 patterns
Failed to load BEAGLE library: no hmsbeagle-jni in java.library.path
TreeLikelihood(treeLikelihood.ask) uses BeerLikelihoodCore
  FilteredAlignment(bin.ask): [taxa, patterns, sites] = [98, 20, 20]
Filter 1515-1532
98 taxa
18 sites
18 patterns
Filter ::
98 taxa
18 sites
18 patterns
Failed to load BEAGLE library: no hmsbeagle-jni in java.library.path
TreeLikelihood(treeLikelihood.weave) uses BeerLikelihoodCore
  FilteredAlignment(bin.weave): [taxa, patterns, sites] = [98, 18, 17]
Filter 1533-1544
98 taxa
12 sites
12 patterns
Filter ::
98 taxa
12 sites
12 patterns
Failed to load BEAGLE library: no hmsbeagle-jni in java.library.path
TreeLikelihood(treeLikelihood.at) uses BeerLikelihoodCore
  FilteredAlignment(bin.at): [taxa, patterns, sites] = [98, 12, 11]
Filter 1545-1569
98 taxa
25 sites
25 patterns
Filter ::
98 taxa
25 sites
25 patterns
Failed to load BEAGLE library: no hmsbeagle-jni in java.library.path
TreeLikelihood(treeLikelihood.edge) uses BeerLikelihoodCore
  FilteredAlignment(bin.edge): [taxa, patterns, sites] = [98, 25, 24]
Filter 1570-1584
98 taxa
15 sites
15 patterns
Filter ::
98 taxa
15 sites
15 patterns
Failed to load BEAGLE library: no hmsbeagle-jni in java.library.path
TreeLikelihood(treeLikelihood.chin) uses BeerLikelihoodCore
  FilteredAlignment(bin.chin): [taxa, patterns, sites] = [98, 15, 14]
Filter 1585-1594
98 taxa
10 sites
10 patterns
Filter ::
98 taxa
10 sites
10 patterns
Failed to load BEAGLE library: no hmsbeagle-jni in java.library.path
TreeLikelihood(treeLikelihood.play) uses BeerLikelihoodCore
  FilteredAlignment(bin.play): [taxa, patterns, sites] = [98, 10, 9]
Filter 1595-1613
98 taxa
19 sites
19 patterns
Filter ::
98 taxa
19 sites
19 patterns
Failed to load BEAGLE library: no hmsbeagle-jni in java.library.path
TreeLikelihood(treeLikelihood.cheek) uses BeerLikelihoodCore
  FilteredAlignment(bin.cheek): [taxa, patterns, sites] = [98, 19, 18]
Filter 1614-1623
98 taxa
10 sites
10 patterns
Filter ::
98 taxa
10 sites
10 patterns
Failed to load BEAGLE library: no hmsbeagle-jni in java.library.path
TreeLikelihood(treeLikelihood.pus) uses BeerLikelihoodCore
  FilteredAlignment(bin.pus): [taxa, patterns, sites] = [98, 10, 9]
Filter 1624-1632
98 taxa
9 sites
9 patterns
Filter ::
98 taxa
9 sites
9 patterns
Failed to load BEAGLE library: no hmsbeagle-jni in java.library.path
TreeLikelihood(treeLikelihood.fly_verb) uses BeerLikelihoodCore
  FilteredAlignment(bin.fly_verb): [taxa, patterns, sites] = [98, 9, 8]
Filter 1633-1645
98 taxa
13 sites
13 patterns
Filter ::
98 taxa
13 sites
13 patterns
Failed to load BEAGLE library: no hmsbeagle-jni in java.library.path
TreeLikelihood(treeLikelihood.hole) uses BeerLikelihoodCore
  FilteredAlignment(bin.hole): [taxa, patterns, sites] = [98, 13, 12]
Filter 1646-1667
98 taxa
22 sites
22 patterns
Filter ::
98 taxa
22 sites
22 patterns
Failed to load BEAGLE library: no hmsbeagle-jni in java.library.path
TreeLikelihood(treeLikelihood.grow) uses BeerLikelihoodCore
  FilteredAlignment(bin.grow): [taxa, patterns, sites] = [98, 22, 21]
Filter 1668-1684
98 taxa
17 sites
17 patterns
Filter ::
98 taxa
17 sites
17 patterns
Failed to load BEAGLE library: no hmsbeagle-jni in java.library.path
TreeLikelihood(treeLikelihood.head) uses BeerLikelihoodCore
  FilteredAlignment(bin.head): [taxa, patterns, sites] = [98, 17, 16]
Filter 1685-1697
98 taxa
13 sites
13 patterns
Filter ::
98 taxa
13 sites
13 patterns
Failed to load BEAGLE library: no hmsbeagle-jni in java.library.path
TreeLikelihood(treeLikelihood.belly) uses BeerLikelihoodCore
  FilteredAlignment(bin.belly): [taxa, patterns, sites] = [98, 13, 12]
Filter 1698-1711
98 taxa
14 sites
14 patterns
Filter ::
98 taxa
14 sites
14 patterns
Failed to load BEAGLE library: no hmsbeagle-jni in java.library.path
TreeLikelihood(treeLikelihood.shoulder) uses BeerLikelihoodCore
  FilteredAlignment(bin.shoulder): [taxa, patterns, sites] = [98, 14, 13]
Filter 1712-1722
98 taxa
11 sites
11 patterns
Filter ::
98 taxa
11 sites
11 patterns
Failed to load BEAGLE library: no hmsbeagle-jni in java.library.path
TreeLikelihood(treeLikelihood.claw) uses BeerLikelihoodCore
  FilteredAlignment(bin.claw): [taxa, patterns, sites] = [98, 11, 10]
Filter 1723-1730
98 taxa
8 sites
8 patterns
Filter ::
98 taxa
8 sites
8 patterns
Failed to load BEAGLE library: no hmsbeagle-jni in java.library.path
TreeLikelihood(treeLikelihood.which?) uses BeerLikelihoodCore
  FilteredAlignment(bin.which?): [taxa, patterns, sites] = [98, 8, 7]
Filter 1731-1739
98 taxa
9 sites
9 patterns
Filter ::
98 taxa
9 sites
9 patterns
Failed to load BEAGLE library: no hmsbeagle-jni in java.library.path
TreeLikelihood(treeLikelihood.dig) uses BeerLikelihoodCore
  FilteredAlignment(bin.dig): [taxa, patterns, sites] = [98, 9, 8]
Filter 1740-1751
98 taxa
12 sites
11 patterns
Filter ::
98 taxa
12 sites
11 patterns
Failed to load BEAGLE library: no hmsbeagle-jni in java.library.path
TreeLikelihood(treeLikelihood.pull) uses BeerLikelihoodCore
  FilteredAlignment(bin.pull): [taxa, patterns, sites] = [98, 11, 11]
Filter 1752-1763
98 taxa
12 sites
12 patterns
Filter ::
98 taxa
12 sites
12 patterns
Failed to load BEAGLE library: no hmsbeagle-jni in java.library.path
TreeLikelihood(treeLikelihood.hot) uses BeerLikelihoodCore
  FilteredAlignment(bin.hot): [taxa, patterns, sites] = [98, 12, 11]
Filter 1764-1779
98 taxa
16 sites
16 patterns
Filter ::
98 taxa
16 sites
16 patterns
Failed to load BEAGLE library: no hmsbeagle-jni in java.library.path
TreeLikelihood(treeLikelihood.firewood) uses BeerLikelihoodCore
  FilteredAlignment(bin.firewood): [taxa, patterns, sites] = [98, 16, 15]
Filter 1780-1793
98 taxa
14 sites
14 patterns
Filter ::
98 taxa
14 sites
14 patterns
Failed to load BEAGLE library: no hmsbeagle-jni in java.library.path
TreeLikelihood(treeLikelihood.remain) uses BeerLikelihoodCore
  FilteredAlignment(bin.remain): [taxa, patterns, sites] = [98, 14, 13]
Filter 1794-1807
98 taxa
14 sites
14 patterns
Filter ::
98 taxa
14 sites
14 patterns
Failed to load BEAGLE library: no hmsbeagle-jni in java.library.path
TreeLikelihood(treeLikelihood.cold) uses BeerLikelihoodCore
  FilteredAlignment(bin.cold): [taxa, patterns, sites] = [98, 14, 13]
Filter 1808-1825
98 taxa
18 sites
18 patterns
Filter ::
98 taxa
18 sites
18 patterns
Failed to load BEAGLE library: no hmsbeagle-jni in java.library.path
TreeLikelihood(treeLikelihood.feather) uses BeerLikelihoodCore
  FilteredAlignment(bin.feather): [taxa, patterns, sites] = [98, 18, 17]
Filter 1826-1835
98 taxa
10 sites
10 patterns
Filter ::
98 taxa
10 sites
10 patterns
Failed to load BEAGLE library: no hmsbeagle-jni in java.library.path
TreeLikelihood(treeLikelihood.cough) uses BeerLikelihoodCore
  FilteredAlignment(bin.cough): [taxa, patterns, sites] = [98, 10, 9]
Filter 1836-1847
98 taxa
12 sites
12 patterns
Filter ::
98 taxa
12 sites
12 patterns
Failed to load BEAGLE library: no hmsbeagle-jni in java.library.path
TreeLikelihood(treeLikelihood.thin) uses BeerLikelihoodCore
  FilteredAlignment(bin.thin): [taxa, patterns, sites] = [98, 12, 11]
Filter 1848-1861
98 taxa
14 sites
14 patterns
Filter ::
98 taxa
14 sites
14 patterns
Failed to load BEAGLE library: no hmsbeagle-jni in java.library.path
TreeLikelihood(treeLikelihood.grass) uses BeerLikelihoodCore
  FilteredAlignment(bin.grass): [taxa, patterns, sites] = [98, 14, 13]
Filter 1862-1874
98 taxa
13 sites
13 patterns
Filter ::
98 taxa
13 sites
13 patterns
Failed to load BEAGLE library: no hmsbeagle-jni in java.library.path
TreeLikelihood(treeLikelihood.foam) uses BeerLikelihoodCore
  FilteredAlignment(bin.foam): [taxa, patterns, sites] = [98, 13, 12]
Filter 1875-1890
98 taxa
16 sites
16 patterns
Filter ::
98 taxa
16 sites
16 patterns
Failed to load BEAGLE library: no hmsbeagle-jni in java.library.path
TreeLikelihood(treeLikelihood.sour) uses BeerLikelihoodCore
  FilteredAlignment(bin.sour): [taxa, patterns, sites] = [98, 16, 15]
Filter 1891-1903
98 taxa
13 sites
13 patterns
Filter ::
98 taxa
13 sites
13 patterns
Failed to load BEAGLE library: no hmsbeagle-jni in java.library.path
TreeLikelihood(treeLikelihood.full) uses BeerLikelihoodCore
  FilteredAlignment(bin.full): [taxa, patterns, sites] = [98, 13, 12]
Filter 1904-1911
98 taxa
8 sites
8 patterns
Filter ::
98 taxa
8 sites
8 patterns
Failed to load BEAGLE library: no hmsbeagle-jni in java.library.path
TreeLikelihood(treeLikelihood.day) uses BeerLikelihoodCore
  FilteredAlignment(bin.day): [taxa, patterns, sites] = [98, 8, 7]
Filter 1912-1924
98 taxa
13 sites
13 patterns
Filter ::
98 taxa
13 sites
13 patterns
Failed to load BEAGLE library: no hmsbeagle-jni in java.library.path
TreeLikelihood(treeLikelihood.sleep) uses BeerLikelihoodCore
  FilteredAlignment(bin.sleep): [taxa, patterns, sites] = [98, 13, 12]
Filter 1925-1930
98 taxa
6 sites
6 patterns
Filter ::
98 taxa
6 sites
6 patterns
Failed to load BEAGLE library: no hmsbeagle-jni in java.library.path
TreeLikelihood(treeLikelihood.month) uses BeerLikelihoodCore
  FilteredAlignment(bin.month): [taxa, patterns, sites] = [98, 6, 5]
Filter 1931-1939
98 taxa
9 sites
9 patterns
Filter ::
98 taxa
9 sites
9 patterns
Failed to load BEAGLE library: no hmsbeagle-jni in java.library.path
TreeLikelihood(treeLikelihood.white) uses BeerLikelihoodCore
  FilteredAlignment(bin.white): [taxa, patterns, sites] = [98, 9, 8]
Filter 1940-1954
98 taxa
15 sites
15 patterns
Filter ::
98 taxa
15 sites
15 patterns
Failed to load BEAGLE library: no hmsbeagle-jni in java.library.path
TreeLikelihood(treeLikelihood.sew) uses BeerLikelihoodCore
  FilteredAlignment(bin.sew): [taxa, patterns, sites] = [98, 15, 14]
Filter 1955-1961
98 taxa
7 sites
7 patterns
Filter ::
98 taxa
7 sites
7 patterns
Failed to load BEAGLE library: no hmsbeagle-jni in java.library.path
TreeLikelihood(treeLikelihood.kill) uses BeerLikelihoodCore
  FilteredAlignment(bin.kill): [taxa, patterns, sites] = [98, 7, 6]
Filter 1962-1988
98 taxa
27 sites
26 patterns
Filter ::
98 taxa
27 sites
26 patterns
Failed to load BEAGLE library: no hmsbeagle-jni in java.library.path
TreeLikelihood(treeLikelihood.jump) uses BeerLikelihoodCore
  FilteredAlignment(bin.jump): [taxa, patterns, sites] = [98, 26, 26]
Filter 1989-2002
98 taxa
14 sites
14 patterns
Filter ::
98 taxa
14 sites
14 patterns
Failed to load BEAGLE library: no hmsbeagle-jni in java.library.path
TreeLikelihood(treeLikelihood.throat) uses BeerLikelihoodCore
  FilteredAlignment(bin.throat): [taxa, patterns, sites] = [98, 14, 13]
Filter 2003-2023
98 taxa
21 sites
21 patterns
Filter ::
98 taxa
21 sites
21 patterns
Failed to load BEAGLE library: no hmsbeagle-jni in java.library.path
TreeLikelihood(treeLikelihood.woods) uses BeerLikelihoodCore
  FilteredAlignment(bin.woods): [taxa, patterns, sites] = [98, 21, 20]
Filter 2024-2033
98 taxa
10 sites
10 patterns
Filter ::
98 taxa
10 sites
10 patterns
Failed to load BEAGLE library: no hmsbeagle-jni in java.library.path
TreeLikelihood(treeLikelihood.there) uses BeerLikelihoodCore
  FilteredAlignment(bin.there): [taxa, patterns, sites] = [98, 10, 9]
Filter 2034-2041
98 taxa
8 sites
8 patterns
Filter ::
98 taxa
8 sites
8 patterns
Failed to load BEAGLE library: no hmsbeagle-jni in java.library.path
TreeLikelihood(treeLikelihood.find) uses BeerLikelihoodCore
  FilteredAlignment(bin.find): [taxa, patterns, sites] = [98, 8, 7]
Filter 2042-2055
98 taxa
14 sites
14 patterns
Filter ::
98 taxa
14 sites
14 patterns
Failed to load BEAGLE library: no hmsbeagle-jni in java.library.path
TreeLikelihood(treeLikelihood.flow) uses BeerLikelihoodCore
  FilteredAlignment(bin.flow): [taxa, patterns, sites] = [98, 14, 13]
Filter 2056-2080
98 taxa
25 sites
25 patterns
Filter ::
98 taxa
25 sites
25 patterns
Failed to load BEAGLE library: no hmsbeagle-jni in java.library.path
TreeLikelihood(treeLikelihood.many) uses BeerLikelihoodCore
  FilteredAlignment(bin.many): [taxa, patterns, sites] = [98, 25, 24]
Filter 2081-2092
98 taxa
12 sites
12 patterns
Filter ::
98 taxa
12 sites
12 patterns
Failed to load BEAGLE library: no hmsbeagle-jni in java.library.path
TreeLikelihood(treeLikelihood.chew) uses BeerLikelihoodCore
  FilteredAlignment(bin.chew): [taxa, patterns, sites] = [98, 12, 11]
Filter 2093-2104
98 taxa
12 sites
12 patterns
Filter ::
98 taxa
12 sites
12 patterns
Failed to load BEAGLE library: no hmsbeagle-jni in java.library.path
TreeLikelihood(treeLikelihood.swallow) uses BeerLikelihoodCore
  FilteredAlignment(bin.swallow): [taxa, patterns, sites] = [98, 12, 11]
Filter 2105-2121
98 taxa
17 sites
17 patterns
Filter ::
98 taxa
17 sites
17 patterns
Failed to load BEAGLE library: no hmsbeagle-jni in java.library.path
TreeLikelihood(treeLikelihood.wet) uses BeerLikelihoodCore
  FilteredAlignment(bin.wet): [taxa, patterns, sites] = [98, 17, 16]
Filter 2122-2124
98 taxa
3 sites
3 patterns
Filter ::
98 taxa
3 sites
3 patterns
Failed to load BEAGLE library: no hmsbeagle-jni in java.library.path
TreeLikelihood(treeLikelihood.four) uses BeerLikelihoodCore
  FilteredAlignment(bin.four): [taxa, patterns, sites] = [98, 3, 2]
Filter 2125-2142
98 taxa
18 sites
18 patterns
Filter ::
98 taxa
18 sites
18 patterns
Failed to load BEAGLE library: no hmsbeagle-jni in java.library.path
TreeLikelihood(treeLikelihood.soft) uses BeerLikelihoodCore
  FilteredAlignment(bin.soft): [taxa, patterns, sites] = [98, 18, 17]
Filter 2143-2154
98 taxa
12 sites
12 patterns
Filter ::
98 taxa
12 sites
12 patterns
Failed to load BEAGLE library: no hmsbeagle-jni in java.library.path
TreeLikelihood(treeLikelihood.look) uses BeerLikelihoodCore
  FilteredAlignment(bin.look): [taxa, patterns, sites] = [98, 12, 11]
Filter 2155-2180
98 taxa
26 sites
26 patterns
Filter ::
98 taxa
26 sites
26 patterns
Failed to load BEAGLE library: no hmsbeagle-jni in java.library.path
TreeLikelihood(treeLikelihood.nasal) uses BeerLikelihoodCore
  FilteredAlignment(bin.nasal): [taxa, patterns, sites] = [98, 26, 25]
Filter 2181-2188
98 taxa
8 sites
8 patterns
Filter ::
98 taxa
8 sites
8 patterns
Failed to load BEAGLE library: no hmsbeagle-jni in java.library.path
TreeLikelihood(treeLikelihood.that) uses BeerLikelihoodCore
  FilteredAlignment(bin.that): [taxa, patterns, sites] = [98, 8, 7]
Filter 2189-2201
98 taxa
13 sites
13 patterns
Filter ::
98 taxa
13 sites
13 patterns
Failed to load BEAGLE library: no hmsbeagle-jni in java.library.path
TreeLikelihood(treeLikelihood.cut) uses BeerLikelihoodCore
  FilteredAlignment(bin.cut): [taxa, patterns, sites] = [98, 13, 12]
Filter 2202-2214
98 taxa
13 sites
13 patterns
Filter ::
98 taxa
13 sites
13 patterns
Failed to load BEAGLE library: no hmsbeagle-jni in java.library.path
TreeLikelihood(treeLikelihood.mother) uses BeerLikelihoodCore
  FilteredAlignment(bin.mother): [taxa, patterns, sites] = [98, 13, 12]
Filter 2215-2227
98 taxa
13 sites
13 patterns
Filter ::
98 taxa
13 sites
13 patterns
Failed to load BEAGLE library: no hmsbeagle-jni in java.library.path
TreeLikelihood(treeLikelihood.scratch) uses BeerLikelihoodCore
  FilteredAlignment(bin.scratch): [taxa, patterns, sites] = [98, 13, 12]
Filter 2228-2239
98 taxa
12 sites
12 patterns
Filter ::
98 taxa
12 sites
12 patterns
Failed to load BEAGLE library: no hmsbeagle-jni in java.library.path
TreeLikelihood(treeLikelihood.sun) uses BeerLikelihoodCore
  FilteredAlignment(bin.sun): [taxa, patterns, sites] = [98, 12, 11]
Filter 2240-2258
98 taxa
19 sites
19 patterns
Filter ::
98 taxa
19 sites
19 patterns
Failed to load BEAGLE library: no hmsbeagle-jni in java.library.path
TreeLikelihood(treeLikelihood.look_for) uses BeerLikelihoodCore
  FilteredAlignment(bin.look_for): [taxa, patterns, sites] = [98, 19, 18]
Filter 2259-2272
98 taxa
14 sites
14 patterns
Filter ::
98 taxa
14 sites
14 patterns
Failed to load BEAGLE library: no hmsbeagle-jni in java.library.path
TreeLikelihood(treeLikelihood.brain) uses BeerLikelihoodCore
  FilteredAlignment(bin.brain): [taxa, patterns, sites] = [98, 14, 13]
Filter 2273-2282
98 taxa
10 sites
10 patterns
Filter ::
98 taxa
10 sites
10 patterns
Failed to load BEAGLE library: no hmsbeagle-jni in java.library.path
TreeLikelihood(treeLikelihood.warm) uses BeerLikelihoodCore
  FilteredAlignment(bin.warm): [taxa, patterns, sites] = [98, 10, 9]
Filter 2283-2301
98 taxa
19 sites
19 patterns
Filter ::
98 taxa
19 sites
19 patterns
Failed to load BEAGLE library: no hmsbeagle-jni in java.library.path
TreeLikelihood(treeLikelihood.cover) uses BeerLikelihoodCore
  FilteredAlignment(bin.cover): [taxa, patterns, sites] = [98, 19, 18]
Filter 2302-2320
98 taxa
19 sites
19 patterns
Filter ::
98 taxa
19 sites
19 patterns
Failed to load BEAGLE library: no hmsbeagle-jni in java.library.path
TreeLikelihood(treeLikelihood.woman) uses BeerLikelihoodCore
  FilteredAlignment(bin.woman): [taxa, patterns, sites] = [98, 19, 18]
Filter 2321-2328
98 taxa
8 sites
8 patterns
Filter ::
98 taxa
8 sites
8 patterns
Failed to load BEAGLE library: no hmsbeagle-jni in java.library.path
TreeLikelihood(treeLikelihood.deep) uses BeerLikelihoodCore
  FilteredAlignment(bin.deep): [taxa, patterns, sites] = [98, 8, 7]
Filter 2329-2338
98 taxa
10 sites
10 patterns
Filter ::
98 taxa
10 sites
10 patterns
Failed to load BEAGLE library: no hmsbeagle-jni in java.library.path
TreeLikelihood(treeLikelihood.above) uses BeerLikelihoodCore
  FilteredAlignment(bin.above): [taxa, patterns, sites] = [98, 10, 9]
Filter 2339-2347
98 taxa
9 sites
9 patterns
Filter ::
98 taxa
9 sites
9 patterns
Failed to load BEAGLE library: no hmsbeagle-jni in java.library.path
TreeLikelihood(treeLikelihood.female) uses BeerLikelihoodCore
  FilteredAlignment(bin.female): [taxa, patterns, sites] = [98, 9, 8]
Filter 2348-2354
98 taxa
7 sites
7 patterns
Filter ::
98 taxa
7 sites
7 patterns
Failed to load BEAGLE library: no hmsbeagle-jni in java.library.path
TreeLikelihood(treeLikelihood.put) uses BeerLikelihoodCore
  FilteredAlignment(bin.put): [taxa, patterns, sites] = [98, 7, 6]
Filter 2355-2371
98 taxa
17 sites
17 patterns
Filter ::
98 taxa
17 sites
17 patterns
Failed to load BEAGLE library: no hmsbeagle-jni in java.library.path
TreeLikelihood(treeLikelihood.other) uses BeerLikelihoodCore
  FilteredAlignment(bin.other): [taxa, patterns, sites] = [98, 17, 16]
Filter 2372-2388
98 taxa
17 sites
17 patterns
Filter ::
98 taxa
17 sites
17 patterns
Failed to load BEAGLE library: no hmsbeagle-jni in java.library.path
TreeLikelihood(treeLikelihood.forehead) uses BeerLikelihoodCore
  FilteredAlignment(bin.forehead): [taxa, patterns, sites] = [98, 17, 16]
Filter 2389-2399
98 taxa
11 sites
11 patterns
Filter ::
98 taxa
11 sites
11 patterns
Failed to load BEAGLE library: no hmsbeagle-jni in java.library.path
TreeLikelihood(treeLikelihood.left) uses BeerLikelihoodCore
  FilteredAlignment(bin.left): [taxa, patterns, sites] = [98, 11, 10]
Filter 2400-2421
98 taxa
22 sites
21 patterns
Filter ::
98 taxa
22 sites
21 patterns
Failed to load BEAGLE library: no hmsbeagle-jni in java.library.path
TreeLikelihood(treeLikelihood.rise) uses BeerLikelihoodCore
  FilteredAlignment(bin.rise): [taxa, patterns, sites] = [98, 21, 21]
Filter 2422-2433
98 taxa
12 sites
12 patterns
Filter ::
98 taxa
12 sites
12 patterns
Failed to load BEAGLE library: no hmsbeagle-jni in java.library.path
TreeLikelihood(treeLikelihood.dry) uses BeerLikelihoodCore
  FilteredAlignment(bin.dry): [taxa, patterns, sites] = [98, 12, 11]
Filter 2434-2440
98 taxa
7 sites
7 patterns
Filter ::
98 taxa
7 sites
7 patterns
Failed to load BEAGLE library: no hmsbeagle-jni in java.library.path
TreeLikelihood(treeLikelihood.how?) uses BeerLikelihoodCore
  FilteredAlignment(bin.how?): [taxa, patterns, sites] = [98, 7, 6]
Filter 2441-2468
98 taxa
28 sites
28 patterns
Filter ::
98 taxa
28 sites
28 patterns
Failed to load BEAGLE library: no hmsbeagle-jni in java.library.path
TreeLikelihood(treeLikelihood.break) uses BeerLikelihoodCore
  FilteredAlignment(bin.break): [taxa, patterns, sites] = [98, 28, 27]
Filter 2469-2472
98 taxa
4 sites
4 patterns
Filter ::
98 taxa
4 sites
4 patterns
Failed to load BEAGLE library: no hmsbeagle-jni in java.library.path
TreeLikelihood(treeLikelihood.where?) uses BeerLikelihoodCore
  FilteredAlignment(bin.where?): [taxa, patterns, sites] = [98, 4, 3]
Filter 2473-2486
98 taxa
14 sites
14 patterns
Filter ::
98 taxa
14 sites
14 patterns
Failed to load BEAGLE library: no hmsbeagle-jni in java.library.path
TreeLikelihood(treeLikelihood.spin) uses BeerLikelihoodCore
  FilteredAlignment(bin.spin): [taxa, patterns, sites] = [98, 14, 13]
Filter 2487-2500
98 taxa
14 sites
14 patterns
Filter ::
98 taxa
14 sites
14 patterns
Failed to load BEAGLE library: no hmsbeagle-jni in java.library.path
TreeLikelihood(treeLikelihood.ripe) uses BeerLikelihoodCore
  FilteredAlignment(bin.ripe): [taxa, patterns, sites] = [98, 14, 13]
Filter 2501-2508
98 taxa
8 sites
8 patterns
Filter ::
98 taxa
8 sites
8 patterns
Failed to load BEAGLE library: no hmsbeagle-jni in java.library.path
TreeLikelihood(treeLikelihood.lick) uses BeerLikelihoodCore
  FilteredAlignment(bin.lick): [taxa, patterns, sites] = [98, 8, 7]
Filter 2509-2522
98 taxa
14 sites
14 patterns
Filter ::
98 taxa
14 sites
14 patterns
Failed to load BEAGLE library: no hmsbeagle-jni in java.library.path
TreeLikelihood(treeLikelihood.open) uses BeerLikelihoodCore
  FilteredAlignment(bin.open): [taxa, patterns, sites] = [98, 14, 13]
Filter 2523-2534
98 taxa
12 sites
12 patterns
Filter ::
98 taxa
12 sites
12 patterns
Failed to load BEAGLE library: no hmsbeagle-jni in java.library.path
TreeLikelihood(treeLikelihood.tall) uses BeerLikelihoodCore
  FilteredAlignment(bin.tall): [taxa, patterns, sites] = [98, 12, 11]
Filter 2535-2557
98 taxa
23 sites
23 patterns
Filter ::
98 taxa
23 sites
23 patterns
Failed to load BEAGLE library: no hmsbeagle-jni in java.library.path
TreeLikelihood(treeLikelihood.bad) uses BeerLikelihoodCore
  FilteredAlignment(bin.bad): [taxa, patterns, sites] = [98, 23, 22]
Filter 2558-2573
98 taxa
16 sites
16 patterns
Filter ::
98 taxa
16 sites
16 patterns
Failed to load BEAGLE library: no hmsbeagle-jni in java.library.path
TreeLikelihood(treeLikelihood.bark) uses BeerLikelihoodCore
  FilteredAlignment(bin.bark): [taxa, patterns, sites] = [98, 16, 15]
Filter 2574-2585
98 taxa
12 sites
12 patterns
Filter ::
98 taxa
12 sites
12 patterns
Failed to load BEAGLE library: no hmsbeagle-jni in java.library.path
TreeLikelihood(treeLikelihood.breathe) uses BeerLikelihoodCore
  FilteredAlignment(bin.breathe): [taxa, patterns, sites] = [98, 12, 11]
Filter 2586-2595
98 taxa
10 sites
10 patterns
Filter ::
98 taxa
10 sites
10 patterns
Failed to load BEAGLE library: no hmsbeagle-jni in java.library.path
TreeLikelihood(treeLikelihood.count) uses BeerLikelihoodCore
  FilteredAlignment(bin.count): [taxa, patterns, sites] = [98, 10, 9]
Filter 2596-2604
98 taxa
9 sites
9 patterns
Filter ::
98 taxa
9 sites
9 patterns
Failed to load BEAGLE library: no hmsbeagle-jni in java.library.path
TreeLikelihood(treeLikelihood.die) uses BeerLikelihoodCore
  FilteredAlignment(bin.die): [taxa, patterns, sites] = [98, 9, 8]
Filter 2605-2634
98 taxa
30 sites
30 patterns
Filter ::
98 taxa
30 sites
30 patterns
Failed to load BEAGLE library: no hmsbeagle-jni in java.library.path
TreeLikelihood(treeLikelihood.dirty) uses BeerLikelihoodCore
  FilteredAlignment(bin.dirty): [taxa, patterns, sites] = [98, 30, 29]
Filter 2635-2657
98 taxa
23 sites
23 patterns
Filter ::
98 taxa
23 sites
23 patterns
Failed to load BEAGLE library: no hmsbeagle-jni in java.library.path
TreeLikelihood(treeLikelihood.dust) uses BeerLikelihoodCore
  FilteredAlignment(bin.dust): [taxa, patterns, sites] = [98, 23, 22]
Filter 2658-2670
98 taxa
13 sites
13 patterns
Filter ::
98 taxa
13 sites
13 patterns
Failed to load BEAGLE library: no hmsbeagle-jni in java.library.path
TreeLikelihood(treeLikelihood.fat) uses BeerLikelihoodCore
  FilteredAlignment(bin.fat): [taxa, patterns, sites] = [98, 13, 12]
Filter 2671-2684
98 taxa
14 sites
14 patterns
Filter ::
98 taxa
14 sites
14 patterns
Failed to load BEAGLE library: no hmsbeagle-jni in java.library.path
TreeLikelihood(treeLikelihood.father) uses BeerLikelihoodCore
  FilteredAlignment(bin.father): [taxa, patterns, sites] = [98, 14, 13]
Filter 2685-2697
98 taxa
13 sites
13 patterns
Filter ::
98 taxa
13 sites
13 patterns
Failed to load BEAGLE library: no hmsbeagle-jni in java.library.path
TreeLikelihood(treeLikelihood.fear) uses BeerLikelihoodCore
  FilteredAlignment(bin.fear): [taxa, patterns, sites] = [98, 13, 12]
Filter 2698-2730
98 taxa
33 sites
33 patterns
Filter ::
98 taxa
33 sites
33 patterns
Failed to load BEAGLE library: no hmsbeagle-jni in java.library.path
TreeLikelihood(treeLikelihood.fight) uses BeerLikelihoodCore
  FilteredAlignment(bin.fight): [taxa, patterns, sites] = [98, 33, 32]
Filter 2731-2736
98 taxa
6 sites
6 patterns
Filter ::
98 taxa
6 sites
6 patterns
Failed to load BEAGLE library: no hmsbeagle-jni in java.library.path
TreeLikelihood(treeLikelihood.five) uses BeerLikelihoodCore
  FilteredAlignment(bin.five): [taxa, patterns, sites] = [98, 6, 5]
Filter 2737-2746
98 taxa
10 sites
10 patterns
Filter ::
98 taxa
10 sites
10 patterns
Failed to load BEAGLE library: no hmsbeagle-jni in java.library.path
TreeLikelihood(treeLikelihood.flower) uses BeerLikelihoodCore
  FilteredAlignment(bin.flower): [taxa, patterns, sites] = [98, 10, 9]
Filter 2747-2756
98 taxa
10 sites
10 patterns
Filter ::
98 taxa
10 sites
10 patterns
Failed to load BEAGLE library: no hmsbeagle-jni in java.library.path
TreeLikelihood(treeLikelihood.fog) uses BeerLikelihoodCore
  FilteredAlignment(bin.fog): [taxa, patterns, sites] = [98, 10, 9]
Filter 2757-2770
98 taxa
14 sites
14 patterns
Filter ::
98 taxa
14 sites
14 patterns
Failed to load BEAGLE library: no hmsbeagle-jni in java.library.path
TreeLikelihood(treeLikelihood.freeze) uses BeerLikelihoodCore
  FilteredAlignment(bin.freeze): [taxa, patterns, sites] = [98, 14, 13]
Filter 2771-2788
98 taxa
18 sites
18 patterns
Filter ::
98 taxa
18 sites
18 patterns
Failed to load BEAGLE library: no hmsbeagle-jni in java.library.path
TreeLikelihood(treeLikelihood.fruit) uses BeerLikelihoodCore
  FilteredAlignment(bin.fruit): [taxa, patterns, sites] = [98, 18, 17]
Filter 2789-2797
98 taxa
9 sites
9 patterns
Filter ::
98 taxa
9 sites
9 patterns
Failed to load BEAGLE library: no hmsbeagle-jni in java.library.path
TreeLikelihood(treeLikelihood.green) uses BeerLikelihoodCore
  FilteredAlignment(bin.green): [taxa, patterns, sites] = [98, 9, 8]
Filter 2798-2810
98 taxa
13 sites
13 patterns
Filter ::
98 taxa
13 sites
13 patterns
Failed to load BEAGLE library: no hmsbeagle-jni in java.library.path
TreeLikelihood(treeLikelihood.guts) uses BeerLikelihoodCore
  FilteredAlignment(bin.guts): [taxa, patterns, sites] = [98, 13, 12]
Filter 2811-2822
98 taxa
12 sites
11 patterns
Filter ::
98 taxa
12 sites
11 patterns
Failed to load BEAGLE library: no hmsbeagle-jni in java.library.path
TreeLikelihood(treeLikelihood.heart) uses BeerLikelihoodCore
  FilteredAlignment(bin.heart): [taxa, patterns, sites] = [98, 11, 11]
Filter 2823-2827
98 taxa
5 sites
5 patterns
Filter ::
98 taxa
5 sites
5 patterns
Failed to load BEAGLE library: no hmsbeagle-jni in java.library.path
TreeLikelihood(treeLikelihood.here) uses BeerLikelihoodCore
  FilteredAlignment(bin.here): [taxa, patterns, sites] = [98, 5, 4]
Filter 2828-2848
98 taxa
21 sites
21 patterns
Filter ::
98 taxa
21 sites
21 patterns
Failed to load BEAGLE library: no hmsbeagle-jni in java.library.path
TreeLikelihood(treeLikelihood.hunt) uses BeerLikelihoodCore
  FilteredAlignment(bin.hunt): [taxa, patterns, sites] = [98, 21, 20]
Filter 2849-2858
98 taxa
10 sites
10 patterns
Filter ::
98 taxa
10 sites
10 patterns
Failed to load BEAGLE library: no hmsbeagle-jni in java.library.path
TreeLikelihood(treeLikelihood.ice) uses BeerLikelihoodCore
  FilteredAlignment(bin.ice): [taxa, patterns, sites] = [98, 10, 9]
Filter 2859-2871
98 taxa
13 sites
13 patterns
Filter ::
98 taxa
13 sites
13 patterns
Failed to load BEAGLE library: no hmsbeagle-jni in java.library.path
TreeLikelihood(treeLikelihood.lake) uses BeerLikelihoodCore
  FilteredAlignment(bin.lake): [taxa, patterns, sites] = [98, 13, 12]
Filter 2872-2889
98 taxa
18 sites
18 patterns
Filter ::
98 taxa
18 sites
18 patterns
Failed to load BEAGLE library: no hmsbeagle-jni in java.library.path
TreeLikelihood(treeLikelihood.live) uses BeerLikelihoodCore
  FilteredAlignment(bin.live): [taxa, patterns, sites] = [98, 18, 17]
Filter 2890-2897
98 taxa
8 sites
8 patterns
Filter ::
98 taxa
8 sites
8 patterns
Failed to load BEAGLE library: no hmsbeagle-jni in java.library.path
TreeLikelihood(treeLikelihood.moon) uses BeerLikelihoodCore
  FilteredAlignment(bin.moon): [taxa, patterns, sites] = [98, 8, 7]
Filter 2898-2919
98 taxa
22 sites
22 patterns
Filter ::
98 taxa
22 sites
22 patterns
Failed to load BEAGLE library: no hmsbeagle-jni in java.library.path
TreeLikelihood(treeLikelihood.narrow) uses BeerLikelihoodCore
  FilteredAlignment(bin.narrow): [taxa, patterns, sites] = [98, 22, 21]
Filter 2920-2935
98 taxa
16 sites
16 patterns
Filter ::
98 taxa
16 sites
16 patterns
Failed to load BEAGLE library: no hmsbeagle-jni in java.library.path
TreeLikelihood(treeLikelihood.near) uses BeerLikelihoodCore
  FilteredAlignment(bin.near): [taxa, patterns, sites] = [98, 16, 15]
Filter 2936-2944
98 taxa
9 sites
9 patterns
Filter ::
98 taxa
9 sites
9 patterns
Failed to load BEAGLE library: no hmsbeagle-jni in java.library.path
TreeLikelihood(treeLikelihood.person) uses BeerLikelihoodCore
  FilteredAlignment(bin.person): [taxa, patterns, sites] = [98, 9, 8]
Filter 2945-2954
98 taxa
10 sites
10 patterns
Filter ::
98 taxa
10 sites
10 patterns
Failed to load BEAGLE library: no hmsbeagle-jni in java.library.path
TreeLikelihood(treeLikelihood.push) uses BeerLikelihoodCore
  FilteredAlignment(bin.push): [taxa, patterns, sites] = [98, 10, 9]
Filter 2955-2977
98 taxa
23 sites
23 patterns
Filter ::
98 taxa
23 sites
23 patterns
Failed to load BEAGLE library: no hmsbeagle-jni in java.library.path
TreeLikelihood(treeLikelihood.river) uses BeerLikelihoodCore
  FilteredAlignment(bin.river): [taxa, patterns, sites] = [98, 23, 22]
Filter 2978-2988
98 taxa
11 sites
11 patterns
Filter ::
98 taxa
11 sites
11 patterns
Failed to load BEAGLE library: no hmsbeagle-jni in java.library.path
TreeLikelihood(treeLikelihood.to) uses BeerLikelihoodCore
  FilteredAlignment(bin.to): [taxa, patterns, sites] = [98, 11, 10]
Filter 2989-3006
98 taxa
18 sites
18 patterns
Filter ::
98 taxa
18 sites
18 patterns
Failed to load BEAGLE library: no hmsbeagle-jni in java.library.path
TreeLikelihood(treeLikelihood.round) uses BeerLikelihoodCore
  FilteredAlignment(bin.round): [taxa, patterns, sites] = [98, 18, 17]
Filter 3007-3019
98 taxa
13 sites
13 patterns
Filter ::
98 taxa
13 sites
13 patterns
Failed to load BEAGLE library: no hmsbeagle-jni in java.library.path
TreeLikelihood(treeLikelihood.sea) uses BeerLikelihoodCore
  FilteredAlignment(bin.sea): [taxa, patterns, sites] = [98, 13, 12]
Filter 3020-3035
98 taxa
16 sites
16 patterns
Filter ::
98 taxa
16 sites
16 patterns
Failed to load BEAGLE library: no hmsbeagle-jni in java.library.path
TreeLikelihood(treeLikelihood.seed) uses BeerLikelihoodCore
  FilteredAlignment(bin.seed): [taxa, patterns, sites] = [98, 16, 15]
Filter 3036-3054
98 taxa
19 sites
19 patterns
Filter ::
98 taxa
19 sites
19 patterns
Failed to load BEAGLE library: no hmsbeagle-jni in java.library.path
TreeLikelihood(treeLikelihood.sharp) uses BeerLikelihoodCore
  FilteredAlignment(bin.sharp): [taxa, patterns, sites] = [98, 19, 18]
Filter 3055-3069
98 taxa
15 sites
15 patterns
Filter ::
98 taxa
15 sites
15 patterns
Failed to load BEAGLE library: no hmsbeagle-jni in java.library.path
TreeLikelihood(treeLikelihood.short) uses BeerLikelihoodCore
  FilteredAlignment(bin.short): [taxa, patterns, sites] = [98, 15, 14]
Filter 3070-3092
98 taxa
23 sites
23 patterns
Filter ::
98 taxa
23 sites
23 patterns
Failed to load BEAGLE library: no hmsbeagle-jni in java.library.path
TreeLikelihood(treeLikelihood.sing) uses BeerLikelihoodCore
  FilteredAlignment(bin.sing): [taxa, patterns, sites] = [98, 23, 22]
Filter 3093-3106
98 taxa
14 sites
14 patterns
Filter ::
98 taxa
14 sites
14 patterns
Failed to load BEAGLE library: no hmsbeagle-jni in java.library.path
TreeLikelihood(treeLikelihood.sky) uses BeerLikelihoodCore
  FilteredAlignment(bin.sky): [taxa, patterns, sites] = [98, 14, 13]
Filter 3107-3118
98 taxa
12 sites
12 patterns
Filter ::
98 taxa
12 sites
12 patterns
Failed to load BEAGLE library: no hmsbeagle-jni in java.library.path
TreeLikelihood(treeLikelihood.smell) uses BeerLikelihoodCore
  FilteredAlignment(bin.smell): [taxa, patterns, sites] = [98, 12, 11]
Filter 3119-3144
98 taxa
26 sites
26 patterns
Filter ::
98 taxa
26 sites
26 patterns
Failed to load BEAGLE library: no hmsbeagle-jni in java.library.path
TreeLikelihood(treeLikelihood.smooth) uses BeerLikelihoodCore
  FilteredAlignment(bin.smooth): [taxa, patterns, sites] = [98, 26, 25]
Filter 3145-3151
98 taxa
7 sites
7 patterns
Filter ::
98 taxa
7 sites
7 patterns
Failed to load BEAGLE library: no hmsbeagle-jni in java.library.path
TreeLikelihood(treeLikelihood.snow) uses BeerLikelihoodCore
  FilteredAlignment(bin.snow): [taxa, patterns, sites] = [98, 7, 6]
Filter 3152-3161
98 taxa
10 sites
10 patterns
Filter ::
98 taxa
10 sites
10 patterns
Failed to load BEAGLE library: no hmsbeagle-jni in java.library.path
TreeLikelihood(treeLikelihood.spit) uses BeerLikelihoodCore
  FilteredAlignment(bin.spit): [taxa, patterns, sites] = [98, 10, 9]
Filter 3162-3180
98 taxa
19 sites
19 patterns
Filter ::
98 taxa
19 sites
19 patterns
Failed to load BEAGLE library: no hmsbeagle-jni in java.library.path
TreeLikelihood(treeLikelihood.stick) uses BeerLikelihoodCore
  FilteredAlignment(bin.stick): [taxa, patterns, sites] = [98, 19, 18]
Filter 3181-3200
98 taxa
20 sites
20 patterns
Filter ::
98 taxa
20 sites
20 patterns
Failed to load BEAGLE library: no hmsbeagle-jni in java.library.path
TreeLikelihood(treeLikelihood.straight) uses BeerLikelihoodCore
  FilteredAlignment(bin.straight): [taxa, patterns, sites] = [98, 20, 19]
Filter 3201-3212
98 taxa
12 sites
12 patterns
Filter ::
98 taxa
12 sites
12 patterns
Failed to load BEAGLE library: no hmsbeagle-jni in java.library.path
TreeLikelihood(treeLikelihood.swell) uses BeerLikelihoodCore
  FilteredAlignment(bin.swell): [taxa, patterns, sites] = [98, 12, 11]
Filter 3213-3231
98 taxa
19 sites
19 patterns
Filter ::
98 taxa
19 sites
19 patterns
Failed to load BEAGLE library: no hmsbeagle-jni in java.library.path
TreeLikelihood(treeLikelihood.swim) uses BeerLikelihoodCore
  FilteredAlignment(bin.swim): [taxa, patterns, sites] = [98, 19, 18]
Filter 3232-3248
98 taxa
17 sites
17 patterns
Filter ::
98 taxa
17 sites
17 patterns
Failed to load BEAGLE library: no hmsbeagle-jni in java.library.path
TreeLikelihood(treeLikelihood.they) uses BeerLikelihoodCore
  FilteredAlignment(bin.they): [taxa, patterns, sites] = [98, 17, 16]
Filter 3249-3268
98 taxa
20 sites
20 patterns
Filter ::
98 taxa
20 sites
20 patterns
Failed to load BEAGLE library: no hmsbeagle-jni in java.library.path
TreeLikelihood(treeLikelihood.think) uses BeerLikelihoodCore
  FilteredAlignment(bin.think): [taxa, patterns, sites] = [98, 20, 19]
Filter 3269-3277
98 taxa
9 sites
9 patterns
Filter ::
98 taxa
9 sites
9 patterns
Failed to load BEAGLE library: no hmsbeagle-jni in java.library.path
TreeLikelihood(treeLikelihood.tree) uses BeerLikelihoodCore
  FilteredAlignment(bin.tree): [taxa, patterns, sites] = [98, 9, 8]
Filter 3278-3293
98 taxa
16 sites
16 patterns
Filter ::
98 taxa
16 sites
16 patterns
Failed to load BEAGLE library: no hmsbeagle-jni in java.library.path
TreeLikelihood(treeLikelihood.true) uses BeerLikelihoodCore
  FilteredAlignment(bin.true): [taxa, patterns, sites] = [98, 16, 15]
Filter 3294-3317
98 taxa
24 sites
24 patterns
Filter ::
98 taxa
24 sites
24 patterns
Failed to load BEAGLE library: no hmsbeagle-jni in java.library.path
TreeLikelihood(treeLikelihood.turn) uses BeerLikelihoodCore
  FilteredAlignment(bin.turn): [taxa, patterns, sites] = [98, 24, 23]
Filter 3318-3332
98 taxa
15 sites
15 patterns
Filter ::
98 taxa
15 sites
15 patterns
Failed to load BEAGLE library: no hmsbeagle-jni in java.library.path
TreeLikelihood(treeLikelihood.vomit) uses BeerLikelihoodCore
  FilteredAlignment(bin.vomit): [taxa, patterns, sites] = [98, 15, 14]
Filter 3333-3348
98 taxa
16 sites
16 patterns
Filter ::
98 taxa
16 sites
16 patterns
Failed to load BEAGLE library: no hmsbeagle-jni in java.library.path
TreeLikelihood(treeLikelihood.walk) uses BeerLikelihoodCore
  FilteredAlignment(bin.walk): [taxa, patterns, sites] = [98, 16, 15]
Filter 3349-3354
98 taxa
6 sites
6 patterns
Filter ::
98 taxa
6 sites
6 patterns
Failed to load BEAGLE library: no hmsbeagle-jni in java.library.path
TreeLikelihood(treeLikelihood.1PL) uses BeerLikelihoodCore
  FilteredAlignment(bin.1PL): [taxa, patterns, sites] = [98, 6, 5]
Filter 3355-3361
98 taxa
7 sites
7 patterns
Filter ::
98 taxa
7 sites
7 patterns
Failed to load BEAGLE library: no hmsbeagle-jni in java.library.path
TreeLikelihood(treeLikelihood.when?) uses BeerLikelihoodCore
  FilteredAlignment(bin.when?): [taxa, patterns, sites] = [98, 7, 6]
Filter 3362-3381
98 taxa
20 sites
20 patterns
Filter ::
98 taxa
20 sites
20 patterns
Failed to load BEAGLE library: no hmsbeagle-jni in java.library.path
TreeLikelihood(treeLikelihood.with) uses BeerLikelihoodCore
  FilteredAlignment(bin.with): [taxa, patterns, sites] = [98, 20, 19]
Filter 3382-3400
98 taxa
19 sites
19 patterns
Filter ::
98 taxa
19 sites
19 patterns
Failed to load BEAGLE library: no hmsbeagle-jni in java.library.path
TreeLikelihood(treeLikelihood.worm) uses BeerLikelihoodCore
  FilteredAlignment(bin.worm): [taxa, patterns, sites] = [98, 19, 18]
Filter 3401-3409
98 taxa
9 sites
9 patterns
Filter ::
98 taxa
9 sites
9 patterns
Failed to load BEAGLE library: no hmsbeagle-jni in java.library.path
TreeLikelihood(treeLikelihood.yellow) uses BeerLikelihoodCore
  FilteredAlignment(bin.yellow): [taxa, patterns, sites] = [98, 9, 8]
Filter 3410-3421
98 taxa
12 sites
12 patterns
Filter ::
98 taxa
12 sites
12 patterns
Failed to load BEAGLE library: no hmsbeagle-jni in java.library.path
TreeLikelihood(treeLikelihood.2PL) uses BeerLikelihoodCore
  FilteredAlignment(bin.2PL): [taxa, patterns, sites] = [98, 12, 11]
===============================================================================
Citations for this model:

Patricio Maturana, Brendon J. Brewer, Steffen Klaere, Remco Bouckaert. Model selection and parameter inference in phylogenetics using Nested Sampling. Systematic Biology, syy050, 2018

Gavryushkina A, Welch D, Stadler T, Drummond AJ (2014) 
Bayesian inference of sampled ancestor trees for epidemiology and fossil calibration. 
PLoS Comput Biol 10(12): e1003919. doi:10.1371/journal.pcbi.1003919

===============================================================================
Counting 1411 parameters
replacing logger tracelog with NSLogger
Writing file tea254ctmc-strict-fbd-constrained.trees
         Sample      posterior ESS(posterior)     likelihood          prior
Writing file tea254ctmc-strict-fbd-constrained.log
Start likelihood 0: -130906.45024806818 
Trie size limit reached
1 particles initialised
              0   -175179.7933              N   -174829.8173      -349.9760 --
ML: -174830.6558815722 Information: 0.8385606384254061
              1   -162904.3231         2.0      -162492.8651      -411.4579 --
ML: -162494.703720195 Information: 1.838560638425406
              2   -151727.9943         3.0      -151306.3348      -421.6595 --
ML: -151309.17337091602 Information: 2.838560638425406
              3   -122441.7776         4.0      -121990.5281      -451.2495 --
ML: -121994.36666116602 Information: 3.838560638425406
              4   -120654.3047         3.1      -120235.8984      -418.4062 --
ML: -120240.7370558117 Information: 4.838560638425406
              5   -119721.2684         2.4      -119274.5727      -446.6956 --
ML: -119280.4113582386 Information: 5.838560638425406
              6   -117744.1763         2.5      -117350.0655      -394.1108 --
ML: -117356.90408555405 Information: 6.838560638425406
              7   -115481.0239         2.7      -115030.8068      -450.2171 --
ML: -115038.64536515897 Information: 7.838560638425406
              8   -115001.3915         2.9      -114556.6036      -444.7879 --
ML: -114565.44220515016 Information: 8.838560638425406
              9   -112958.8045         3.9      -112504.6076      -454.1969 --
ML: -112514.44624573109 Information: 9.838560638425406
             10   -111388.5464         4.2      -110918.2421      -470.3042 --
ML: -110929.08075480034 Information: 10.838560638425406
             11   -110464.8351         4.4      -110032.5974      -432.2376 --
ML: -110044.43604910235 Information: 11.838560638425406
             12   -110107.2905         4.3      -109654.2559      -453.0346 --
ML: -109667.09446318592 Information: 12.838560638425406
             13   -109954.6095         4.4      -109509.5099      -445.0995 --
ML: -109523.34855113518 Information: 13.838560638425406
             14   -106020.4242         4.4      -105546.9383      -473.4859 --
ML: -105561.77694940087 Information: 14.838560638425406
             15   -105927.4723         4.5      -105479.2530      -448.2193 --
ML: -105495.0916095466 Information: 15.838560638425406
             16   -105356.7964         4.5      -104914.7050      -442.0913 --
ML: -104931.54363282166 Information: 16.838560638425406
             17   -103835.6560         4.4      -103403.9710      -431.6850 --
ML: -103421.809598457 Information: 17.838560638425406
             18   -103193.8093         4.4      -102720.6404      -473.1689 --
ML: -102739.4789900159 Information: 18.838560638425406
             19   -103160.2470         4.1      -102719.3858      -440.8611 --
ML: -102738.65048980266 Information: 18.716744801400637
             20   -102689.8077         4.0      -102216.3261      -473.4816 --
ML: -102237.16467323009 Information: 20.838560638425406
             21   -101912.4368         4.0      -101514.3294      -398.1074 --
ML: -101536.16797278273 Information: 21.838560638425406
             22   -101854.9930         3.9      -101407.6170      -447.3760 --
ML: -101430.45564395128 Information: 22.838560638425406
             23   -100685.6158         3.8      -100242.1670      -443.4487 --
ML: -100266.00558096175 Information: 23.838560638425406
             24   -100171.1628         3.8       -99712.7332      -458.4296 --
ML: -99737.57178074941 Information: 24.838560638425406
             25    -99990.2129         3.8       -99543.2480      -446.9649 --
ML: -99569.08656387731 Information: 25.838560638425406
             26    -99912.6679         3.8       -99448.0902      -464.5777 --
ML: -99474.92883793268 Information: 26.838560638425406
             27    -98231.0191         3.7       -97780.6531      -450.3660 --
ML: -97808.49171154309 Information: 27.838560638425406
             28    -98133.9196         3.7       -97700.4641      -433.4554 --
ML: -97729.3026892931 Information: 28.838560638425406
             29    -98018.1751         2.6       -97574.2863      -443.8887 --
ML: -97604.12489209429 Information: 29.838560638425406
             30    -97588.9138         2.6       -97149.6236      -439.2901 --
ML: -97180.46222591957 Information: 30.838560638425406
             31    -96831.2013         2.6       -96375.8524      -455.3489 --
ML: -96407.69100139743 Information: 31.838560638425406
             32    -96260.2156         2.6       -95806.8383      -453.3772 --
ML: -95839.67695116306 Information: 32.838560638425406
             33    -95905.4019         2.7       -95446.0760      -459.3258 --
ML: -95479.91461727547 Information: 33.838560638425406
             34    -95786.2848         2.7       -95319.4192      -466.8656 --
ML: -95354.25779025283 Information: 34.838560638425406
             35    -95211.9205         2.7       -94761.6003      -450.3201 --
ML: -94797.43890544266 Information: 35.838560638425406
             36    -95145.8738         2.7       -94677.8696      -468.0041 --
ML: -94714.70825531204 Information: 36.838560638425406
             37    -95035.4648         2.7       -94585.4000      -450.0648 --
ML: -94623.2386041791 Information: 37.838560638425406
             38    -93996.1921         2.7       -93534.3452      -461.8468 --
ML: -93573.18382931774 Information: 38.838560638425406
             39    -93659.9352         2.7       -93205.0133      -454.9219 --
ML: -93244.85190167402 Information: 39.838560638425406
             40    -93166.8222         2.7       -92743.3305      -423.4916 --
ML: -92784.1691385648 Information: 40.838560638425406
             41    -93152.6125         2.7       -92697.6934      -454.9191 --
ML: -92739.53202162716 Information: 41.8385606384254
             42    -92533.4337         2.7       -92054.2047      -479.2289 --
ML: -92097.04331557003 Information: 42.838560638425406
             43    -92280.5306         2.7       -91825.0664      -455.4641 --
ML: -91868.90504738547 Information: 43.838560638425406
             44    -91941.6327         2.8       -91470.6766      -470.9560 --
ML: -91515.51524016277 Information: 44.838560638425406
             45    -91058.6771         2.8       -90597.4445      -461.2326 --
ML: -90643.2830681915 Information: 45.838560638425406
             46    -89942.7231         2.8       -89481.1292      -461.5939 --
ML: -89527.96780858691 Information: 46.838560638425406
             47    -89070.1037         2.8       -88627.0741      -443.0295 --
ML: -88674.91271612109 Information: 47.838560638425406
             48    -88851.1960         2.8       -88399.1616      -452.0344 --
ML: -88448.00023412 Information: 48.838560638425406
             49    -88399.1770         2.8       -87956.8529      -442.3240 --
ML: -88006.69156041318 Information: 49.838560638425406
             50    -88395.3643         2.8       -87953.4906      -441.8737 --
ML: -88004.23916305327 Information: 50.45908385746861
             51    -87791.4550         2.8       -87312.1187      -479.3363 --
ML: -87363.95726086406 Information: 51.838560638425406
             52    -87554.7165         2.8       -87074.6495      -480.0670 --
ML: -87127.4880758441 Information: 52.838560638425406
             53    -86681.0414         2.8       -86197.5928      -483.4486 --
ML: -86251.43138079175 Information: 53.838560638425406
             54    -86337.2980         2.8       -85877.9771      -459.3208 --
ML: -85932.8157523076 Information: 54.838560638425406
             55    -86008.8485         2.8       -85543.7198      -465.1287 --
ML: -85599.55840640601 Information: 55.838560638425406
             56    -85651.6800         2.8       -85182.3736      -469.3064 --
ML: -85239.21223030104 Information: 56.838560638425406
             57    -85060.1706         2.8       -84616.4374      -443.7331 --
ML: -84674.27600350037 Information: 57.838560638425406
             58    -84783.6586         2.7       -84312.0173      -471.6413 --
ML: -84370.85589749749 Information: 58.838560638425406
             59    -84734.5877         2.7       -84279.3347      -455.2530 --
ML: -84339.17334653484 Information: 59.83856063695874
             60    -84651.0486         2.7       -84211.0748      -439.9737 --
ML: -84271.91340887248 Information: 60.838560638425406
             61    -84568.5289         2.7       -84156.4489      -412.0800 --
ML: -84218.28747222366 Information: 61.838560638425406
             62    -83775.8182         2.7       -83375.2482      -400.5700 --
ML: -83438.08676818035 Information: 62.838560638425406
             63    -83762.0181         2.7       -83321.9586      -440.0594 --
ML: -83385.7972196943 Information: 63.838560638425406
             64    -83634.9969         2.7       -83182.6218      -452.3751 --
ML: -83247.46039955388 Information: 64.8385606384254
             65    -83374.9307         2.7       -82909.6985      -465.2322 --
ML: -82975.53706971998 Information: 65.8385606384254
             66    -83280.2673         2.7       -82808.8466      -471.4207 --
ML: -82875.68520160175 Information: 66.8385606384254
             67    -83245.8450         2.7       -82792.8183      -453.0266 --
ML: -82860.65687468216 Information: 67.83855517435903
             68    -82942.2325         2.6       -82459.7634      -482.4690 --
ML: -82528.60200441684 Information: 68.8385606384254
             69    -82789.5358         2.6       -82330.8591      -458.6766 --
ML: -82400.69774353577 Information: 69.8385606384254
             70    -82157.0159         2.6       -81686.1295      -470.8863 --
ML: -81756.96807674195 Information: 70.8385606384254
             71    -82047.7340         2.6       -81588.1143      -459.6196 --
ML: -81659.95295589896 Information: 71.8385606384254
             72    -81881.9740         2.6       -81426.8377      -455.1363 --
ML: -81499.67635420102 Information: 72.8385606384254
             73    -81528.7194         2.6       -81078.2840      -450.4354 --
ML: -81152.1225910074 Information: 73.8385606384254
             74    -81289.8832         2.6       -80814.1497      -475.7335 --
ML: -80888.98828615245 Information: 74.8385606384254
             75    -81223.7132         2.6       -80784.1935      -439.5197 --
ML: -80860.03210989248 Information: 75.8385606169481
             76    -81175.9951         2.6       -80722.8723      -453.1228 --
ML: -80799.71089876838 Information: 76.8385606384254
             77    -81040.7698         2.6       -80569.2166      -471.5531 --
ML: -80647.05520902674 Information: 77.8385606384254
             78    -80660.6404         2.6       -80191.7487      -468.8917 --
ML: -80270.58728216412 Information: 78.8385606384254
             79    -80380.9952         2.6       -79889.7397      -491.2554 --
ML: -79969.57835561778 Information: 79.8385606384254
             80    -80007.6941         2.6       -79551.1396      -456.5544 --
Turning on scaling to prevent numeric instability 1.0201
ML: -79631.9781770829 Information: 80.8385606384254
             81    -79873.0910         2.6       -79412.6542      -460.4368 --
ML: -79494.4928064317 Information: 81.8385606384254
             82    -79510.9604         2.6       -79012.3431      -498.6173 --
ML: -79095.18172115648 Information: 82.8385606384254
             83    -79216.1260         2.6       -78765.3168      -450.8092 --
ML: -78849.1554336756 Information: 83.8385606384254
             84    -79211.7558         2.6       -78723.3025      -488.4533 --
ML: -78808.14108717728 Information: 84.83856063842528
             85    -79097.0059         2.6       -78633.6966      -463.3092 --
ML: -78719.53525633793 Information: 85.8385606384254
             86    -78972.7609         2.6       -78530.1291      -442.6318 --
ML: -78616.96771343924 Information: 86.8385606384254
             87    -79026.1086         2.6       -78529.4975      -496.6110 --
ML: -78616.44190375766 Information: 86.57101952012454
             88    -78725.9326         2.6       -78246.4126      -479.5200 --
ML: -78335.25120249929 Information: 88.8385606384254
             89    -78633.7717         2.5       -78132.2840      -501.4876 --
Turning on scaling to prevent numeric instability 1.0201
ML: -78222.12264642029 Information: 89.8385606384254
             90    -78573.4073         2.5       -78122.8344      -450.5728 --
ML: -78213.672815572 Information: 90.83632501368788
             91    -78225.1921         2.5       -77747.2157      -477.9763 --
ML: -77839.05432514858 Information: 91.8385606384254
             92    -77902.5163         2.5       -77426.9195      -475.5968 --
ML: -77519.75808352405 Information: 92.8385606384254
             93    -77402.0754         2.6       -76914.3115      -487.7639 --
ML: -77008.15012094293 Information: 93.8385606384254
             94    -77218.6472         2.6       -76718.5133      -500.1338 --
ML: -76813.35190772032 Information: 94.8385606384254
             95    -77096.1711         2.6       -76620.5762      -475.5949 --
ML: -76716.41476757127 Information: 95.8385606384254
             96    -76637.7265         2.6       -76163.7630      -473.9634 --
ML: -76260.60162126351 Information: 96.8385606384254
             97    -76318.9062         2.6       -75834.0060      -484.9002 --
ML: -75931.84457813203 Information: 97.8385606384254
             98    -75759.0033         2.6       -75282.9525      -476.0507 --
ML: -75381.79110808308 Information: 98.8385606384254
             99    -75375.1213         2.6       -74869.6724      -505.4488 --
ML: -74969.5110393906 Information: 99.8385606384254
            100    -74771.7264         2.6       -74284.0876      -487.6388 --
ML: -74384.92623380093 Information: 100.8385606384254
            101    -74568.8084         2.6       -74049.9465      -518.8619 --
ML: -74151.78506263513 Information: 101.8385606384254
            102    -74410.5737         2.6       -73933.6105      -476.9631 --
ML: -74036.44911785051 Information: 102.8385606384254
            103    -73687.4036         2.6       -73202.4199      -484.9836 --
ML: -73306.2585047127 Information: 103.8385606384254
            104    -73425.7837         2.6       -72944.3119      -481.4717 --
ML: -73049.15052770963 Information: 104.8385606384254
            105    -73368.7872         2.6       -72881.7308      -487.0563 --
ML: -72987.56939678351 Information: 105.8385606384254
            106    -73020.0060         2.6       -72580.6842      -439.3218 --
ML: -72687.52281289871 Information: 106.8385606384254
            107    -73093.1006         2.6       -72575.5145      -517.5860 --
ML: -72683.33774613781 Information: 107.74453314987841
            108    -72782.6062         2.6       -72281.5152      -501.0910 --
ML: -72390.35376288797 Information: 108.8385606384254
            109    -72556.8390         2.6       -72067.9110      -488.9279 --
ML: -72177.74963758925 Information: 109.8385606384254
            110    -72567.7756         2.6       -72053.3769      -514.3986 --
ML: -72164.21551658079 Information: 110.83853976156419
            111    -72404.7886         2.6       -71938.1443      -466.6443 --
ML: -72049.9829178545 Information: 111.8385606384254
            112    -72251.0013         2.6       -71793.0941      -457.9072 --
ML: -71905.93267803961 Information: 112.8385606384254
            113    -72064.3018         2.6       -71558.9331      -505.3687 --
ML: -71672.77166526232 Information: 113.8385606384254
            114    -71974.7197         2.6       -71492.0331      -482.6865 --
ML: -71606.87169002305 Information: 114.8385606384254
            115    -71785.3208         2.6       -71266.2235      -519.0972 --
ML: -71382.06212981549 Information: 115.8385606384254
            116    -71651.0487         2.6       -71155.4319      -495.6167 --
ML: -71272.27050329461 Information: 116.8385606384254
            117    -70825.2473         2.7       -70353.2851      -471.9621 --
ML: -70471.12373001108 Information: 117.8385606384254
            118    -70839.6892         2.7       -70336.6797      -503.0095 --
ML: -70455.51830614204 Information: 118.8385572779824
            119    -70663.9869         2.7       -70177.8742      -486.1126 --
ML: -70297.7128472669 Information: 119.8385606384254
            120    -70571.1620         2.7       -70093.3191      -477.8429 --
ML: -70214.15767792679 Information: 120.8385606384254
            121    -70298.1909         2.7       -69803.2749      -494.9160 --
ML: -69925.11352287247 Information: 121.8385606384254
            122    -70121.7585         2.7       -69614.7373      -507.0212 --
ML: -69737.57587096283 Information: 122.8385606384254
            123    -69934.1418         2.7       -69455.0333      -479.1084 --
ML: -69578.8719412292 Information: 123.8385606384254
            124    -69397.2175         2.7       -68904.2160      -493.0015 --
ML: -69029.05458968684 Information: 124.8385606384254
            125    -69353.3135         2.7       -68836.2656      -517.0478 --
ML: -68962.104248354 Information: 125.8385606384254
            126    -69284.8375         2.7       -68799.1252      -485.7123 --
ML: -68925.96379999936 Information: 126.83856063841154
            127    -69196.3148         2.7       -68709.9660      -486.3488 --
ML: -68837.80459003893 Information: 127.8385606384254
            128    -68964.7172         2.7       -68496.2202      -468.4970 --
ML: -68625.05883096225 Information: 128.8385606384254
            129    -68890.5574         2.7       -68380.3052      -510.2522 --
ML: -68510.14379540447 Information: 129.8385606384254
            130    -68795.6717         2.7       -68319.2180      -476.4536 --
ML: -68450.05666039893 Information: 130.8385606384254
            131    -67936.9754         2.7       -67462.3648      -474.6105 --
ML: -67594.20345219604 Information: 131.8385606384254
            132    -67776.4407         2.7       -67305.8696      -470.5710 --
ML: -67438.70824853056 Information: 132.8385606384254
            133    -67713.6644         2.7       -67187.9182      -525.7462 --
ML: -67321.75677321044 Information: 133.8385606384254
            134    -67684.9174         2.7       -67168.5100      -516.4074 --
ML: -67303.34858470937 Information: 134.838560594796
            135    -67275.9210         2.7       -66793.1888      -482.7321 --
ML: -66929.02745732215 Information: 135.8385606384254
            136    -66917.0390         2.7       -66422.2420      -494.7970 --
ML: -66559.08059065284 Information: 136.8385606384254
            137    -66866.4426         2.7       -66360.6194      -505.8231 --
ML: -66498.4580224821 Information: 137.8385606384254
            138    -66813.5536         2.7       -66320.7616      -492.7919 --
ML: -66459.60024645618 Information: 138.83856063842452
            139    -66679.7197         2.6       -66182.4063      -497.3134 --
ML: -66322.24487899258 Information: 139.8385606384254
            140    -66065.8642         2.6       -65569.2776      -496.5865 --
ML: -65710.11618513554 Information: 140.8385606384254
            141    -65477.8742         2.6       -64981.5086      -496.3656 --
ML: -65123.34724252862 Information: 141.8385606384254
            142    -65394.7235         2.6       -64899.3717      -495.3517 --
ML: -65042.21033862885 Information: 142.8385606384254
            143    -65343.0754         2.6       -64859.9178      -483.1575 --
ML: -65003.75642048297 Information: 143.8385606384241
            144    -65231.9904         2.6       -64787.8655      -444.1248 --
ML: -64932.70411861603 Information: 144.8385606384254
            145    -64692.4029         2.6       -64255.8783      -436.5245 --
ML: -64401.71695666163 Information: 145.8385606384254
            146    -64709.0216         2.6       -64219.9242      -489.0973 --
ML: -64366.762823916564 Information: 146.838560638383
            147    -64434.2323         2.6       -63947.8309      -486.4013 --
ML: -64095.66954050788 Information: 147.8385606384254
            148    -64213.9750         2.6       -63726.3895      -487.5855 --
ML: -63875.228133136254 Information: 148.8385606384254
            149    -63809.4906         2.6       -63323.3867      -486.1039 --
ML: -63473.22527604593 Information: 149.8385606384254
            150    -63640.6914         2.6       -63156.3050      -484.3863 --
